INFO 2025-11-25 13:55:44,124 autoreload Watching for file changes with StatReloader
INFO 2025-11-25 13:56:19,950 basehttp "GET / HTTP/1.1" 200 77297
WARNING 2025-11-25 13:56:20,920 log Not Found: /favicon.ico
WARNING 2025-11-25 13:56:20,920 basehttp "GET /favicon.ico HTTP/1.1" 404 17750
INFO 2025-11-25 13:56:23,869 basehttp "GET /accounts/signup/ HTTP/1.1" 302 0
INFO 2025-11-25 13:56:23,899 basehttp "GET /dashboard/ HTTP/1.1" 302 0
INFO 2025-11-25 13:56:24,005 basehttp "GET /dashboard/press/ HTTP/1.1" 200 46194
INFO 2025-11-25 13:56:42,421 basehttp "GET /accounts/logout/ HTTP/1.1" 200 21799
INFO 2025-11-25 13:56:44,512 basehttp "POST /accounts/logout/ HTTP/1.1" 302 0
INFO 2025-11-25 13:56:44,550 basehttp "GET /accounts/login/ HTTP/1.1" 200 27204
INFO 2025-11-25 13:56:59,433 basehttp "POST /accounts/login/ HTTP/1.1" 200 26879
INFO 2025-11-25 13:57:11,696 basehttp "POST /accounts/login/ HTTP/1.1" 302 0
INFO 2025-11-25 13:57:11,723 basehttp "GET /dashboard/ HTTP/1.1" 302 0
INFO 2025-11-25 13:57:11,824 basehttp "GET /dashboard/customer/ HTTP/1.1" 200 41753
INFO 2025-11-25 13:57:24,593 basehttp "GET /orders/create/ HTTP/1.1" 200 55896
INFO 2025-11-25 13:57:57,631 basehttp "POST /orders/create/ HTTP/1.1" 302 0
INFO 2025-11-25 13:57:57,705 basehttp "GET /orders/9/ HTTP/1.1" 200 35022
INFO 2025-11-25 13:58:03,312 basehttp "GET /orders/ HTTP/1.1" 200 36858
INFO 2025-11-25 13:58:19,842 basehttp "GET /orders/7/ HTTP/1.1" 200 34655
INFO 2025-11-25 13:58:25,129 basehttp "GET /orders/ HTTP/1.1" 200 36858
INFO 2025-11-25 13:58:33,990 basehttp "GET /dashboard/ HTTP/1.1" 302 0
INFO 2025-11-25 13:58:34,050 basehttp "GET /dashboard/customer/ HTTP/1.1" 200 41948
INFO 2025-11-25 13:58:46,934 basehttp "GET /accounts/logout/ HTTP/1.1" 200 22074
INFO 2025-11-25 13:58:48,654 basehttp "POST /accounts/logout/ HTTP/1.1" 302 0
INFO 2025-11-25 13:58:48,684 basehttp "GET /accounts/login/ HTTP/1.1" 200 27202
INFO 2025-11-25 13:59:01,403 basehttp "POST /accounts/login/ HTTP/1.1" 302 0
INFO 2025-11-25 13:59:01,433 basehttp "GET /dashboard/ HTTP/1.1" 302 0
INFO 2025-11-25 13:59:01,528 basehttp "GET /dashboard/press/ HTTP/1.1" 200 49311
INFO 2025-11-25 13:59:51,905 basehttp "GET /accounts/logout/ HTTP/1.1" 200 21799
INFO 2025-11-25 13:59:53,885 basehttp "POST /accounts/logout/ HTTP/1.1" 302 0
INFO 2025-11-25 13:59:53,916 basehttp "GET /accounts/login/ HTTP/1.1" 200 27202
INFO 2025-11-25 14:00:08,684 basehttp "POST /accounts/login/ HTTP/1.1" 302 0
INFO 2025-11-25 14:00:08,716 basehttp "GET /dashboard/ HTTP/1.1" 302 0
INFO 2025-11-25 14:00:08,806 basehttp "GET /dashboard/delivery/ HTTP/1.1" 200 39025
INFO 2025-11-25 14:00:23,169 basehttp "POST /dashboard/order/5/update-status/ HTTP/1.1" 302 0
INFO 2025-11-25 14:00:23,247 basehttp "GET /dashboard/order/5/ HTTP/1.1" 200 38383
INFO 2025-11-25 14:00:30,666 basehttp "GET /orders/5/ HTTP/1.1" 200 34253
INFO 2025-11-25 14:01:03,833 basehttp "GET /accounts/logout/ HTTP/1.1" 200 21798
INFO 2025-11-25 14:01:05,191 basehttp "POST /accounts/logout/ HTTP/1.1" 302 0
INFO 2025-11-25 14:01:05,220 basehttp "GET /accounts/login/ HTTP/1.1" 200 27202
INFO 2025-11-25 14:01:14,315 basehttp "POST /accounts/login/ HTTP/1.1" 302 0
INFO 2025-11-25 14:01:14,346 basehttp "GET /dashboard/ HTTP/1.1" 302 0
INFO 2025-11-25 14:01:14,446 basehttp "GET /dashboard/press/ HTTP/1.1" 200 50573
INFO 2025-11-25 14:01:22,728 basehttp "POST /dashboard/order/5/update-status/ HTTP/1.1" 302 0
INFO 2025-11-25 14:01:22,779 basehttp "GET /dashboard/order/5/ HTTP/1.1" 200 39550
INFO 2025-11-25 14:01:47,230 basehttp "POST /dashboard/order/5/update-status/ HTTP/1.1" 302 0
INFO 2025-11-25 14:01:47,281 basehttp "GET /dashboard/order/5/ HTTP/1.1" 200 39532
INFO 2025-11-25 14:02:32,029 basehttp "POST /dashboard/order/5/update-status/ HTTP/1.1" 302 0
INFO 2025-11-25 14:02:32,093 basehttp "GET /dashboard/order/5/ HTTP/1.1" 200 39531
INFO 2025-11-25 14:02:39,182 basehttp "GET /dashboard/order/5/update-status/ HTTP/1.1" 200 43053
INFO 2025-11-25 14:02:49,871 basehttp "POST /dashboard/order/5/update-status/ HTTP/1.1" 302 0
INFO 2025-11-25 14:02:49,930 basehttp "GET /dashboard/order/5/ HTTP/1.1" 200 39543
INFO 2025-11-25 14:03:00,106 basehttp "GET /dashboard/ HTTP/1.1" 302 0
INFO 2025-11-25 14:03:00,168 basehttp "GET /dashboard/press/ HTTP/1.1" 200 48384
INFO 2025-11-25 14:03:10,962 basehttp "GET /accounts/logout/ HTTP/1.1" 200 21799
INFO 2025-11-25 14:03:16,176 basehttp "POST /accounts/logout/ HTTP/1.1" 302 0
INFO 2025-11-25 14:03:16,214 basehttp "GET /accounts/login/ HTTP/1.1" 200 27202
INFO 2025-11-25 14:04:08,489 basehttp "POST /accounts/login/ HTTP/1.1" 302 0
INFO 2025-11-25 14:04:08,530 basehttp "GET /dashboard/ HTTP/1.1" 302 0
INFO 2025-11-25 14:04:08,695 basehttp "GET /dashboard/admin/ HTTP/1.1" 200 51702
INFO 2025-11-25 14:04:59,971 basehttp "GET /accounts/logout/ HTTP/1.1" 200 21503
INFO 2025-11-25 14:05:02,378 basehttp "POST /accounts/logout/ HTTP/1.1" 302 0
INFO 2025-11-25 14:05:02,410 basehttp "GET /accounts/login/ HTTP/1.1" 200 27202
INFO 2025-11-25 14:05:11,942 basehttp "POST /accounts/login/ HTTP/1.1" 302 0
INFO 2025-11-25 14:05:11,972 basehttp "GET /dashboard/ HTTP/1.1" 302 0
INFO 2025-11-25 14:05:12,070 basehttp "GET /dashboard/press/ HTTP/1.1" 200 49311
INFO 2025-11-25 14:05:30,114 basehttp "POST /dashboard/order/8/update-status/ HTTP/1.1" 302 0
INFO 2025-11-25 14:05:30,168 basehttp "GET /dashboard/order/8/ HTTP/1.1" 200 40009
INFO 2025-11-25 14:05:41,711 basehttp "GET /dashboard/order/8/update-status/ HTTP/1.1" 200 43073
INFO 2025-11-25 14:05:49,934 basehttp "POST /dashboard/order/8/update-status/ HTTP/1.1" 302 0
INFO 2025-11-25 14:05:49,996 basehttp "GET /dashboard/order/8/ HTTP/1.1" 200 39985
INFO 2025-11-25 14:05:57,237 basehttp "GET /accounts/logout/ HTTP/1.1" 200 21799
INFO 2025-11-25 14:06:03,956 basehttp "POST /accounts/logout/ HTTP/1.1" 302 0
INFO 2025-11-25 14:06:03,986 basehttp "GET /accounts/login/ HTTP/1.1" 200 27202
INFO 2025-11-25 14:06:15,323 basehttp "POST /accounts/login/ HTTP/1.1" 302 0
INFO 2025-11-25 14:06:15,355 basehttp "GET /dashboard/ HTTP/1.1" 302 0
INFO 2025-11-25 14:06:15,439 basehttp "GET /dashboard/delivery/ HTTP/1.1" 200 37422
INFO 2025-11-25 14:06:30,174 basehttp "GET /accounts/logout/ HTTP/1.1" 200 21798
INFO 2025-11-25 14:06:31,746 basehttp "POST /accounts/logout/ HTTP/1.1" 302 0
INFO 2025-11-25 14:06:31,779 basehttp "GET /accounts/login/ HTTP/1.1" 200 27202
INFO 2025-11-25 14:06:48,501 basehttp "POST /accounts/login/ HTTP/1.1" 302 0
INFO 2025-11-25 14:06:48,528 basehttp "GET /dashboard/ HTTP/1.1" 302 0
INFO 2025-11-25 14:06:48,629 basehttp "GET /dashboard/customer/ HTTP/1.1" 200 42897
INFO 2025-11-25 14:06:58,027 basehttp "GET /dashboard/order/8/ HTTP/1.1" 200 38275
INFO 2025-11-25 14:07:05,239 basehttp "GET /accounts/logout/ HTTP/1.1" 200 22074
INFO 2025-11-25 14:07:06,775 basehttp "POST /accounts/logout/ HTTP/1.1" 302 0
INFO 2025-11-25 14:07:06,806 basehttp "GET /accounts/login/ HTTP/1.1" 200 27202
INFO 2025-11-25 14:07:25,117 basehttp "POST /accounts/login/ HTTP/1.1" 302 0
INFO 2025-11-25 14:07:25,148 basehttp "GET /dashboard/ HTTP/1.1" 302 0
INFO 2025-11-25 14:07:25,244 basehttp "GET /dashboard/press/ HTTP/1.1" 200 47121
INFO 2025-11-25 14:07:43,949 basehttp "GET /accounts/logout/ HTTP/1.1" 200 21799
INFO 2025-11-25 14:07:45,500 basehttp "POST /accounts/logout/ HTTP/1.1" 302 0
INFO 2025-11-25 14:07:45,530 basehttp "GET /accounts/login/ HTTP/1.1" 200 27202
INFO 2025-11-25 14:07:52,514 basehttp "POST /accounts/login/ HTTP/1.1" 302 0
INFO 2025-11-25 14:07:52,547 basehttp "GET /dashboard/ HTTP/1.1" 302 0
INFO 2025-11-25 14:07:52,631 basehttp "GET /dashboard/delivery/ HTTP/1.1" 200 37422
INFO 2025-11-25 14:07:58,998 basehttp "GET /accounts/logout/ HTTP/1.1" 200 21798
INFO 2025-11-25 14:08:00,521 basehttp "POST /accounts/logout/ HTTP/1.1" 302 0
INFO 2025-11-25 14:08:00,552 basehttp "GET /accounts/login/ HTTP/1.1" 200 27202
INFO 2025-11-25 14:08:07,414 basehttp "POST /accounts/login/ HTTP/1.1" 302 0
INFO 2025-11-25 14:08:07,445 basehttp "GET /dashboard/ HTTP/1.1" 302 0
INFO 2025-11-25 14:08:07,530 basehttp "GET /dashboard/delivery/ HTTP/1.1" 200 37425
INFO 2025-11-25 14:08:13,445 basehttp "GET /accounts/logout/ HTTP/1.1" 200 21799
INFO 2025-11-25 14:08:15,148 basehttp "POST /accounts/logout/ HTTP/1.1" 302 0
INFO 2025-11-25 14:08:15,182 basehttp "GET /accounts/login/ HTTP/1.1" 200 27202
INFO 2025-11-25 14:08:26,673 basehttp "POST /accounts/login/ HTTP/1.1" 302 0
INFO 2025-11-25 14:08:26,699 basehttp "GET /dashboard/ HTTP/1.1" 302 0
INFO 2025-11-25 14:08:26,800 basehttp "GET /dashboard/customer/ HTTP/1.1" 200 42897
INFO 2025-11-25 14:08:39,939 basehttp "GET /accounts/logout/ HTTP/1.1" 200 22074
INFO 2025-11-25 14:08:41,494 basehttp "POST /accounts/logout/ HTTP/1.1" 302 0
INFO 2025-11-25 14:08:41,524 basehttp "GET /accounts/login/ HTTP/1.1" 200 27202
INFO 2025-11-25 14:08:47,726 basehttp "POST /accounts/login/ HTTP/1.1" 302 0
INFO 2025-11-25 14:08:47,757 basehttp "GET /dashboard/ HTTP/1.1" 302 0
INFO 2025-11-25 14:08:47,852 basehttp "GET /dashboard/press/ HTTP/1.1" 200 47121
INFO 2025-11-25 14:08:57,943 basehttp "POST /dashboard/order/9/update-status/ HTTP/1.1" 302 0
INFO 2025-11-25 14:08:57,994 basehttp "GET /dashboard/order/9/ HTTP/1.1" 200 39605
INFO 2025-11-25 14:09:00,394 basehttp "GET /dashboard/order/9/update-status/ HTTP/1.1" 200 43073
INFO 2025-11-25 14:09:08,636 basehttp "POST /dashboard/order/9/update-status/ HTTP/1.1" 302 0
INFO 2025-11-25 14:09:08,687 basehttp "GET /dashboard/order/9/ HTTP/1.1" 200 39581
INFO 2025-11-25 14:09:26,752 basehttp "GET /dashboard/order/9/update-status/ HTTP/1.1" 200 43046
INFO 2025-11-25 14:09:33,274 basehttp "GET /accounts/logout/ HTTP/1.1" 200 21799
INFO 2025-11-25 14:09:34,637 basehttp "POST /accounts/logout/ HTTP/1.1" 302 0
INFO 2025-11-25 14:09:34,670 basehttp "GET /accounts/login/ HTTP/1.1" 200 27202
INFO 2025-11-25 14:09:41,544 basehttp "POST /accounts/login/ HTTP/1.1" 302 0
INFO 2025-11-25 14:09:41,575 basehttp "GET /dashboard/ HTTP/1.1" 302 0
INFO 2025-11-25 14:09:41,659 basehttp "GET /dashboard/delivery/ HTTP/1.1" 200 37422
INFO 2025-11-26 04:02:56,308 autoreload Watching for file changes with StatReloader
INFO 2025-11-26 04:02:59,824 basehttp "GET / HTTP/1.1" 200 77297
INFO 2025-11-26 04:02:59,878 basehttp "GET /static/css/style.css HTTP/1.1" 304 0
INFO 2025-11-26 04:02:59,882 basehttp "GET /static/images/iron.png HTTP/1.1" 304 0
INFO 2025-11-26 04:02:59,882 basehttp "GET /static/debug_toolbar/js/toolbar.js HTTP/1.1" 304 0
INFO 2025-11-26 04:02:59,949 basehttp "GET /static/js/script.js HTTP/1.1" 304 0
INFO 2025-11-26 04:02:59,952 basehttp "GET /static/debug_toolbar/css/toolbar.css HTTP/1.1" 304 0
INFO 2025-11-26 04:03:00,112 basehttp "GET /static/debug_toolbar/css/print.css HTTP/1.1" 304 0
INFO 2025-11-26 04:03:00,256 basehttp "GET /static/debug_toolbar/js/utils.js HTTP/1.1" 304 0
WARNING 2025-11-26 04:03:00,363 log Not Found: /favicon.ico
WARNING 2025-11-26 04:03:00,363 basehttp "GET /favicon.ico HTTP/1.1" 404 17750
INFO 2025-11-26 04:03:01,906 basehttp "GET /accounts/login/ HTTP/1.1" 302 0
INFO 2025-11-26 04:03:01,922 basehttp "GET /dashboard/ HTTP/1.1" 302 0
INFO 2025-11-26 04:03:01,989 basehttp "GET /dashboard/delivery/ HTTP/1.1" 200 36489
INFO 2025-11-26 04:03:06,537 basehttp "GET /accounts/logout/ HTTP/1.1" 200 21798
INFO 2025-11-26 04:03:06,556 basehttp "GET /static/js/main.js HTTP/1.1" 304 0
INFO 2025-11-26 04:03:08,557 basehttp "POST /accounts/logout/ HTTP/1.1" 302 0
INFO 2025-11-26 04:03:08,615 basehttp "GET /accounts/login/ HTTP/1.1" 200 27204
INFO 2025-11-26 04:03:15,027 basehttp "POST /accounts/login/ HTTP/1.1" 302 0
INFO 2025-11-26 04:03:15,040 basehttp "GET /dashboard/ HTTP/1.1" 302 0
INFO 2025-11-26 04:03:15,113 basehttp "GET /dashboard/press/ HTTP/1.1" 200 44931
INFO 2025-11-26 04:06:24,763 basehttp "GET /dashboard/press/ HTTP/1.1" 200 44332
INFO 2025-11-26 04:06:24,806 basehttp "GET /static/js/script.js HTTP/1.1" 200 1397
INFO 2025-11-26 04:06:24,807 basehttp "GET /static/debug_toolbar/js/toolbar.js HTTP/1.1" 200 14879
INFO 2025-11-26 04:06:24,808 basehttp "GET /static/debug_toolbar/css/toolbar.css HTTP/1.1" 200 30101
INFO 2025-11-26 04:06:24,809 basehttp "GET /static/css/style.css HTTP/1.1" 200 76392
INFO 2025-11-26 04:06:28,343 basehttp "GET /static/debug_toolbar/css/print.css HTTP/1.1" 200 43
INFO 2025-11-26 04:06:28,349 basehttp "GET /static/debug_toolbar/js/utils.js HTTP/1.1" 200 4700
WARNING 2025-11-26 04:06:43,972 log Not Found: /favicon.ico
WARNING 2025-11-26 04:06:43,972 basehttp "GET /favicon.ico HTTP/1.1" 404 17750
INFO 2025-11-30 15:40:00,837 autoreload Watching for file changes with StatReloader
INFO 2025-11-30 15:40:02,750 basehttp "GET / HTTP/1.1" 200 77265
INFO 2025-11-30 15:40:02,831 basehttp "GET /static/images/iron.png HTTP/1.1" 200 1214412
INFO 2025-11-30 15:40:02,831 basehttp "GET /static/css/style.css HTTP/1.1" 200 76392
INFO 2025-11-30 15:40:02,838 basehttp "GET /static/debug_toolbar/js/toolbar.js HTTP/1.1" 200 14879
INFO 2025-11-30 15:40:02,924 basehttp "GET /static/debug_toolbar/css/toolbar.css HTTP/1.1" 200 30101
INFO 2025-11-30 15:40:02,931 basehttp "GET /static/js/script.js HTTP/1.1" 200 1397
INFO 2025-11-30 15:40:03,109 basehttp "GET /static/debug_toolbar/css/print.css HTTP/1.1" 200 43
INFO 2025-11-30 15:40:03,110 basehttp "GET /static/debug_toolbar/js/utils.js HTTP/1.1" 200 4700
WARNING 2025-11-30 15:40:03,265 log Not Found: /favicon.ico
WARNING 2025-11-30 15:40:03,265 basehttp "GET /favicon.ico HTTP/1.1" 404 17752
INFO 2025-11-30 15:40:05,733 basehttp "GET /accounts/login/ HTTP/1.1" 200 26614
INFO 2025-11-30 15:40:07,662 basehttp "GET /accounts/signup/ HTTP/1.1" 200 29404
INFO 2025-11-30 15:44:57,103 autoreload /home/mustafa/Desktop/Ironydjango/accounts/views.py changed, reloading.
INFO 2025-11-30 15:44:57,467 autoreload Watching for file changes with StatReloader
INFO 2025-11-30 15:45:12,044 autoreload /home/mustafa/Desktop/Ironydjango/accounts/forms.py changed, reloading.
INFO 2025-11-30 15:45:12,382 autoreload Watching for file changes with StatReloader
INFO 2025-11-30 15:45:34,070 basehttp "GET /accounts/signup/ HTTP/1.1" 200 29400
INFO 2025-11-30 15:45:34,107 basehttp "GET /static/js/script.js HTTP/1.1" 200 1397
INFO 2025-11-30 15:45:34,108 basehttp "GET /static/debug_toolbar/js/toolbar.js HTTP/1.1" 200 14879
INFO 2025-11-30 15:45:34,108 basehttp "GET /static/css/style.css HTTP/1.1" 200 76392
INFO 2025-11-30 15:45:34,109 basehttp "GET /static/debug_toolbar/css/toolbar.css HTTP/1.1" 200 30101
INFO 2025-11-30 15:45:34,200 basehttp "GET /static/debug_toolbar/css/print.css HTTP/1.1" 200 43
INFO 2025-11-30 15:45:34,205 basehttp "GET /static/debug_toolbar/js/utils.js HTTP/1.1" 200 4700
WARNING 2025-11-30 15:45:34,532 log Not Found: /favicon.ico
WARNING 2025-11-30 15:45:34,533 basehttp "GET /favicon.ico HTTP/1.1" 404 17752
INFO 2025-11-30 15:45:35,223 basehttp "GET /accounts/signup/ HTTP/1.1" 200 29402
INFO 2025-11-30 15:45:35,238 basehttp "GET /static/css/style.css HTTP/1.1" 200 76392
INFO 2025-11-30 15:45:35,242 basehttp "GET /static/debug_toolbar/js/toolbar.js HTTP/1.1" 200 14879
INFO 2025-11-30 15:45:35,243 basehttp "GET /static/debug_toolbar/css/toolbar.css HTTP/1.1" 200 30101
INFO 2025-11-30 15:45:35,243 basehttp "GET /static/js/script.js HTTP/1.1" 200 1397
INFO 2025-11-30 15:45:35,328 basehttp "GET /static/debug_toolbar/css/print.css HTTP/1.1" 200 43
INFO 2025-11-30 15:45:35,334 basehttp "GET /static/debug_toolbar/js/utils.js HTTP/1.1" 200 4700
INFO 2025-11-30 15:45:35,748 basehttp "GET /accounts/signup/ HTTP/1.1" 200 29402
INFO 2025-11-30 15:45:35,763 basehttp "GET /static/js/script.js HTTP/1.1" 200 1397
INFO 2025-11-30 15:45:35,764 basehttp "GET /static/debug_toolbar/js/toolbar.js HTTP/1.1" 200 14879
INFO 2025-11-30 15:45:35,764 basehttp "GET /static/css/style.css HTTP/1.1" 200 76392
INFO 2025-11-30 15:45:35,765 basehttp "GET /static/debug_toolbar/css/toolbar.css HTTP/1.1" 200 30101
INFO 2025-11-30 15:45:35,893 basehttp "GET /static/debug_toolbar/css/print.css HTTP/1.1" 200 43
INFO 2025-11-30 15:45:35,898 basehttp "GET /static/debug_toolbar/js/utils.js HTTP/1.1" 200 4700
INFO 2025-11-30 15:45:35,998 basehttp "GET /accounts/signup/ HTTP/1.1" 200 29404
INFO 2025-11-30 15:45:36,027 basehttp "GET /static/js/script.js HTTP/1.1" 200 1397
INFO 2025-11-30 15:45:36,028 basehttp "GET /static/debug_toolbar/js/toolbar.js HTTP/1.1" 200 14879
INFO 2025-11-30 15:45:36,028 basehttp "GET /static/debug_toolbar/css/toolbar.css HTTP/1.1" 200 30101
INFO 2025-11-30 15:45:36,028 basehttp "GET /static/css/style.css HTTP/1.1" 200 76392
INFO 2025-11-30 15:45:36,134 basehttp "GET /static/debug_toolbar/css/print.css HTTP/1.1" 200 43
INFO 2025-11-30 15:45:36,139 basehttp "GET /static/debug_toolbar/js/utils.js HTTP/1.1" 200 4700
WARNING 2025-11-30 15:45:37,104 log Not Found: /favicon.ico
WARNING 2025-11-30 15:45:37,104 basehttp "GET /favicon.ico HTTP/1.1" 404 17752
WARNING 2025-11-30 15:45:39,770 log Not Found: /.well-known/appspecific/com.chrome.devtools.json
WARNING 2025-11-30 15:45:39,770 basehttp "GET /.well-known/appspecific/com.chrome.devtools.json HTTP/1.1" 404 17900
INFO 2025-11-30 15:48:48,702 autoreload /home/mustafa/Desktop/Ironydjango/accounts/forms.py changed, reloading.
INFO 2025-11-30 15:48:49,096 autoreload Watching for file changes with StatReloader
INFO 2025-11-30 15:48:50,263 autoreload /home/mustafa/Desktop/Ironydjango/accounts/forms.py changed, reloading.
INFO 2025-11-30 15:48:50,639 autoreload Watching for file changes with StatReloader
INFO 2025-11-30 15:48:58,050 autoreload /home/mustafa/Desktop/Ironydjango/accounts/forms.py changed, reloading.
INFO 2025-11-30 15:48:58,429 autoreload Watching for file changes with StatReloader
INFO 2025-11-30 15:49:06,733 autoreload /home/mustafa/Desktop/Ironydjango/accounts/forms.py changed, reloading.
INFO 2025-11-30 15:49:07,080 autoreload Watching for file changes with StatReloader
INFO 2025-11-30 15:49:30,883 autoreload /home/mustafa/Desktop/Ironydjango/accounts/views.py changed, reloading.
INFO 2025-11-30 15:49:31,263 autoreload Watching for file changes with StatReloader
INFO 2025-11-30 15:49:36,497 autoreload /home/mustafa/Desktop/Ironydjango/accounts/views.py changed, reloading.
INFO 2025-11-30 15:49:36,846 autoreload Watching for file changes with StatReloader
INFO 2025-11-30 15:50:41,727 basehttp "GET /accounts/signup/ HTTP/1.1" 200 29217
INFO 2025-11-30 15:50:41,768 basehttp "GET /static/js/script.js HTTP/1.1" 200 1397
INFO 2025-11-30 15:50:41,770 basehttp "GET /static/css/style.css HTTP/1.1" 200 76392
INFO 2025-11-30 15:50:41,770 basehttp "GET /static/debug_toolbar/js/toolbar.js HTTP/1.1" 200 14879
INFO 2025-11-30 15:50:41,770 basehttp "GET /static/debug_toolbar/css/toolbar.css HTTP/1.1" 200 30101
WARNING 2025-11-30 15:50:41,780 log Not Found: /.well-known/appspecific/com.chrome.devtools.json
WARNING 2025-11-30 15:50:41,781 basehttp "GET /.well-known/appspecific/com.chrome.devtools.json HTTP/1.1" 404 17900
INFO 2025-11-30 15:50:46,857 basehttp "GET /static/debug_toolbar/css/print.css HTTP/1.1" 200 43
INFO 2025-11-30 15:50:46,862 basehttp "GET /static/debug_toolbar/js/utils.js HTTP/1.1" 200 4700
WARNING 2025-11-30 15:50:54,093 log Not Found: /favicon.ico
WARNING 2025-11-30 15:50:54,093 basehttp "GET /favicon.ico HTTP/1.1" 404 17752
INFO 2025-11-30 15:55:28,212 autoreload /home/mustafa/Desktop/Ironydjango/accounts/forms.py changed, reloading.
INFO 2025-11-30 15:55:28,592 autoreload Watching for file changes with StatReloader
INFO 2025-11-30 15:55:55,284 autoreload /home/mustafa/Desktop/Ironydjango/accounts/forms.py changed, reloading.
INFO 2025-11-30 15:55:55,662 autoreload Watching for file changes with StatReloader
INFO 2025-11-30 15:55:56,944 autoreload /home/mustafa/Desktop/Ironydjango/accounts/forms.py changed, reloading.
INFO 2025-11-30 15:55:57,313 autoreload Watching for file changes with StatReloader
INFO 2025-11-30 15:55:59,482 autoreload /home/mustafa/Desktop/Ironydjango/accounts/forms.py changed, reloading.
INFO 2025-11-30 15:55:59,838 autoreload Watching for file changes with StatReloader
INFO 2025-11-30 15:57:08,443 autoreload Watching for file changes with StatReloader
INFO 2025-11-30 15:57:11,930 basehttp "GET /accounts/signup/ HTTP/1.1" 200 28822
INFO 2025-11-30 15:57:11,958 basehttp "GET /static/js/script.js HTTP/1.1" 200 1397
INFO 2025-11-30 15:57:11,958 basehttp "GET /static/debug_toolbar/js/toolbar.js HTTP/1.1" 200 14879
INFO 2025-11-30 15:57:11,959 basehttp "GET /static/css/style.css HTTP/1.1" 200 76392
INFO 2025-11-30 15:57:11,959 basehttp "GET /static/debug_toolbar/css/toolbar.css HTTP/1.1" 200 30101
INFO 2025-11-30 15:57:12,081 basehttp "GET /static/debug_toolbar/css/print.css HTTP/1.1" 200 43
INFO 2025-11-30 15:57:12,088 basehttp "GET /static/debug_toolbar/js/utils.js HTTP/1.1" 200 4700
WARNING 2025-11-30 15:57:13,653 log Not Found: /favicon.ico
WARNING 2025-11-30 15:57:13,653 basehttp "GET /favicon.ico HTTP/1.1" 404 17752
INFO 2025-11-30 15:57:19,729 basehttp "GET /accounts/signup/ HTTP/1.1" 200 28824
INFO 2025-11-30 15:57:19,746 basehttp "GET /static/js/script.js HTTP/1.1" 200 1397
INFO 2025-11-30 15:57:19,747 basehttp "GET /static/debug_toolbar/js/toolbar.js HTTP/1.1" 200 14879
INFO 2025-11-30 15:57:19,747 basehttp "GET /static/debug_toolbar/css/toolbar.css HTTP/1.1" 200 30101
INFO 2025-11-30 15:57:19,747 basehttp "GET /static/css/style.css HTTP/1.1" 200 76392
INFO 2025-11-30 15:57:19,912 basehttp "GET /static/debug_toolbar/css/print.css HTTP/1.1" 200 43
INFO 2025-11-30 15:57:19,912 basehttp "GET /static/debug_toolbar/js/utils.js HTTP/1.1" 200 4700
WARNING 2025-11-30 15:57:41,888 log Not Found: /favicon.ico
WARNING 2025-11-30 15:57:41,889 basehttp "GET /favicon.ico HTTP/1.1" 404 17752
INFO 2025-11-30 16:01:42,049 autoreload /home/mustafa/Desktop/Ironydjango/accounts/forms.py changed, reloading.
INFO 2025-11-30 16:01:42,432 autoreload Watching for file changes with StatReloader
INFO 2025-11-30 16:01:52,767 autoreload /home/mustafa/Desktop/Ironydjango/accounts/forms.py changed, reloading.
INFO 2025-11-30 16:01:53,108 autoreload Watching for file changes with StatReloader
INFO 2025-11-30 16:02:11,621 autoreload /home/mustafa/Desktop/Ironydjango/accounts/forms.py changed, reloading.
INFO 2025-11-30 16:02:12,007 autoreload Watching for file changes with StatReloader
INFO 2025-11-30 16:02:20,298 autoreload /home/mustafa/Desktop/Ironydjango/accounts/forms.py changed, reloading.
INFO 2025-11-30 16:02:20,647 autoreload Watching for file changes with StatReloader
INFO 2025-11-30 16:02:23,837 autoreload /home/mustafa/Desktop/Ironydjango/accounts/forms.py changed, reloading.
INFO 2025-11-30 16:02:24,196 autoreload Watching for file changes with StatReloader
INFO 2025-11-30 16:02:25,343 autoreload /home/mustafa/Desktop/Ironydjango/accounts/forms.py changed, reloading.
INFO 2025-11-30 16:02:25,683 autoreload Watching for file changes with StatReloader
INFO 2025-11-30 16:02:27,856 autoreload /home/mustafa/Desktop/Ironydjango/accounts/forms.py changed, reloading.
INFO 2025-11-30 16:02:28,265 autoreload Watching for file changes with StatReloader
INFO 2025-11-30 16:03:04,373 autoreload /home/mustafa/Desktop/Ironydjango/accounts/forms.py changed, reloading.
INFO 2025-11-30 16:03:04,735 autoreload Watching for file changes with StatReloader
INFO 2025-11-30 16:03:19,313 autoreload /home/mustafa/Desktop/Ironydjango/accounts/forms.py changed, reloading.
INFO 2025-11-30 16:03:19,705 autoreload Watching for file changes with StatReloader
INFO 2025-11-30 16:03:21,178 basehttp "GET / HTTP/1.1" 200 77269
INFO 2025-11-30 16:03:38,481 autoreload /home/mustafa/Desktop/Ironydjango/accounts/views.py changed, reloading.
INFO 2025-11-30 16:03:38,875 autoreload Watching for file changes with StatReloader
INFO 2025-11-30 16:03:41,089 basehttp "GET /accounts/login/ HTTP/1.1" 200 26614
INFO 2025-11-30 16:03:42,945 basehttp "GET /accounts/signup/ HTTP/1.1" 200 28826
INFO 2025-12-02 10:43:09,508 autoreload Watching for file changes with StatReloader
INFO 2025-12-02 10:44:08,258 autoreload Watching for file changes with StatReloader
INFO 2025-12-02 10:44:17,732 basehttp "GET / HTTP/1.1" 200 77269
INFO 2025-12-02 10:44:17,793 basehttp "GET /static/css/style.css HTTP/1.1" 304 0
INFO 2025-12-02 10:44:17,796 basehttp "GET /static/debug_toolbar/js/toolbar.js HTTP/1.1" 304 0
INFO 2025-12-02 10:44:17,798 basehttp "GET /static/images/iron.png HTTP/1.1" 200 1214412
INFO 2025-12-02 10:44:17,904 basehttp "GET /static/js/script.js HTTP/1.1" 304 0
INFO 2025-12-02 10:44:17,906 basehttp "GET /static/debug_toolbar/css/toolbar.css HTTP/1.1" 304 0
INFO 2025-12-02 10:44:17,950 basehttp "GET /static/debug_toolbar/css/print.css HTTP/1.1" 304 0
INFO 2025-12-02 10:44:17,953 basehttp "GET /static/debug_toolbar/js/utils.js HTTP/1.1" 304 0
WARNING 2025-12-02 10:44:18,354 log Not Found: /favicon.ico
WARNING 2025-12-02 10:44:18,354 basehttp "GET /favicon.ico HTTP/1.1" 404 17752
INFO 2025-12-02 10:45:23,997 autoreload Watching for file changes with StatReloader
INFO 2025-12-02 10:45:28,719 basehttp "GET / HTTP/1.1" 200 77269
INFO 2025-12-02 10:47:01,488 basehttp "GET /accounts/login/ HTTP/1.1" 200 26616
INFO 2025-12-02 10:49:20,787 basehttp "GET /accounts/signup/ HTTP/1.1" 200 28826
INFO 2025-12-02 10:50:12,756 basehttp "GET /accounts/signup/ HTTP/1.1" 200 28826
INFO 2025-12-02 10:51:09,294 basehttp "GET /accounts/signup/ HTTP/1.1" 200 28828
INFO 2025-12-02 10:51:20,934 basehttp "GET /accounts/login/ HTTP/1.1" 200 26614
INFO 2025-12-02 10:51:38,715 basehttp "POST /accounts/login/ HTTP/1.1" 200 26882
INFO 2025-12-02 10:51:47,940 basehttp "POST /accounts/login/ HTTP/1.1" 302 0
INFO 2025-12-02 10:51:48,110 basehttp "GET /dashboard/ HTTP/1.1" 302 0
INFO 2025-12-02 10:51:48,617 basehttp "GET /dashboard/customer/ HTTP/1.1" 200 42910
INFO 2025-12-02 10:52:06,293 basehttp "GET /orders/create/ HTTP/1.1" 200 55899
INFO 2025-12-02 10:52:46,523 basehttp "POST /orders/create/ HTTP/1.1" 302 0
INFO 2025-12-02 10:52:46,915 basehttp "GET /orders/10/ HTTP/1.1" 200 35030
INFO 2025-12-02 10:52:56,114 basehttp "GET /accounts/logout/ HTTP/1.1" 200 22077
INFO 2025-12-02 10:52:56,324 basehttp "GET /static/js/main.js HTTP/1.1" 200 10524
INFO 2025-12-02 10:52:59,673 basehttp "POST /accounts/logout/ HTTP/1.1" 302 0
INFO 2025-12-02 10:52:59,887 basehttp "GET /accounts/login/ HTTP/1.1" 200 27204
INFO 2025-12-02 10:53:11,466 basehttp "POST /accounts/login/ HTTP/1.1" 302 0
INFO 2025-12-02 10:53:11,677 basehttp "GET /dashboard/ HTTP/1.1" 302 0
INFO 2025-12-02 10:53:12,170 basehttp "GET /dashboard/press/ HTTP/1.1" 200 47536
INFO 2025-12-02 10:53:21,926 basehttp "POST /dashboard/order/10/update-status/ HTTP/1.1" 302 0
INFO 2025-12-02 10:53:22,366 basehttp "GET /dashboard/order/10/ HTTP/1.1" 200 39616
INFO 2025-12-02 10:53:30,724 basehttp "GET /dashboard/order/10/update-status/ HTTP/1.1" 200 43079
INFO 2025-12-02 10:53:36,330 basehttp "POST /dashboard/order/10/update-status/ HTTP/1.1" 302 0
INFO 2025-12-02 10:53:36,709 basehttp "GET /dashboard/order/10/ HTTP/1.1" 200 39592
INFO 2025-12-02 10:53:42,183 basehttp "GET /accounts/logout/ HTTP/1.1" 200 21801
INFO 2025-12-02 10:53:44,990 basehttp "POST /accounts/logout/ HTTP/1.1" 302 0
INFO 2025-12-02 10:53:45,229 basehttp "GET /accounts/login/ HTTP/1.1" 200 27204
INFO 2025-12-02 10:53:54,597 basehttp "POST /accounts/login/ HTTP/1.1" 302 0
INFO 2025-12-02 10:53:54,823 basehttp "GET /dashboard/ HTTP/1.1" 302 0
INFO 2025-12-02 10:53:55,162 basehttp "GET /dashboard/delivery/ HTTP/1.1" 200 37425
INFO 2025-12-02 14:27:06,394 autoreload Watching for file changes with StatReloader
INFO 2025-12-02 14:27:08,327 basehttp "GET / HTTP/1.1" 200 77295
WARNING 2025-12-02 14:27:08,632 log Not Found: /favicon.ico
WARNING 2025-12-02 14:27:08,632 basehttp "GET /favicon.ico HTTP/1.1" 404 17750
INFO 2025-12-02 14:27:13,033 basehttp "GET /accounts/login/ HTTP/1.1" 302 0
INFO 2025-12-02 14:27:13,047 basehttp "GET /dashboard/ HTTP/1.1" 302 0
INFO 2025-12-02 14:27:13,116 basehttp "GET /dashboard/delivery/ HTTP/1.1" 200 36489
INFO 2025-12-02 14:29:58,626 autoreload /home/mustafa/Desktop/Ironydjango/dashboard/views.py changed, reloading.
INFO 2025-12-02 14:29:59,022 autoreload Watching for file changes with StatReloader
INFO 2025-12-02 14:33:04,544 basehttp "GET /dashboard/delivery/ HTTP/1.1" 200 36463
INFO 2025-12-02 14:33:04,562 basehttp "GET /static/js/script.js HTTP/1.1" 200 1397
INFO 2025-12-02 14:33:04,563 basehttp "GET /static/css/style.css HTTP/1.1" 200 76392
INFO 2025-12-02 14:33:04,563 basehttp "GET /static/debug_toolbar/js/toolbar.js HTTP/1.1" 200 14879
INFO 2025-12-02 14:33:04,563 basehttp "GET /static/debug_toolbar/css/toolbar.css HTTP/1.1" 200 30101
INFO 2025-12-02 14:33:34,941 basehttp "GET / HTTP/1.1" 200 77295
INFO 2025-12-02 14:33:37,619 basehttp "GET /accounts/login/ HTTP/1.1" 302 0
INFO 2025-12-02 14:33:37,632 basehttp "GET /dashboard/ HTTP/1.1" 302 0
INFO 2025-12-02 14:33:37,700 basehttp "GET /dashboard/delivery/ HTTP/1.1" 200 36461
WARNING 2025-12-02 14:33:38,544 log Not Found: /favicon.ico
WARNING 2025-12-02 14:33:38,544 basehttp "GET /favicon.ico HTTP/1.1" 404 17750
INFO 2025-12-02 14:33:40,912 basehttp "GET /accounts/logout/ HTTP/1.1" 200 21798
INFO 2025-12-02 14:33:42,845 basehttp "POST /accounts/logout/ HTTP/1.1" 302 0
INFO 2025-12-02 14:33:42,863 basehttp "GET /accounts/login/ HTTP/1.1" 200 27204
INFO 2025-12-02 14:33:50,373 basehttp "POST /accounts/login/ HTTP/1.1" 302 0
INFO 2025-12-02 14:33:50,388 basehttp "GET /dashboard/ HTTP/1.1" 302 0
INFO 2025-12-02 14:33:50,463 basehttp "GET /dashboard/customer/ HTTP/1.1" 200 44053
INFO 2025-12-02 14:33:59,043 basehttp "GET /orders/create/ HTTP/1.1" 200 55894
INFO 2025-12-02 14:34:16,806 basehttp "POST /orders/create/ HTTP/1.1" 302 0
INFO 2025-12-02 14:34:16,839 basehttp "GET /orders/11/ HTTP/1.1" 200 35025
INFO 2025-12-02 14:34:22,531 basehttp "GET /accounts/logout/ HTTP/1.1" 200 22074
INFO 2025-12-02 14:34:25,581 basehttp "POST /accounts/logout/ HTTP/1.1" 302 0
INFO 2025-12-02 14:34:25,597 basehttp "GET /accounts/login/ HTTP/1.1" 200 27202
INFO 2025-12-02 14:34:31,675 basehttp "POST /accounts/login/ HTTP/1.1" 302 0
INFO 2025-12-02 14:34:31,689 basehttp "GET /dashboard/ HTTP/1.1" 302 0
INFO 2025-12-02 14:34:31,764 basehttp "GET /dashboard/press/ HTTP/1.1" 200 47533
INFO 2025-12-02 14:34:44,926 basehttp "POST /dashboard/order/11/update-status/ HTTP/1.1" 302 0
INFO 2025-12-02 14:34:44,955 basehttp "GET /dashboard/order/11/ HTTP/1.1" 200 39613
INFO 2025-12-02 14:34:49,565 basehttp "GET /dashboard/order/11/update-status/ HTTP/1.1" 200 43076
INFO 2025-12-02 14:34:54,620 basehttp "POST /dashboard/order/11/update-status/ HTTP/1.1" 302 0
INFO 2025-12-02 14:34:54,643 basehttp "GET /dashboard/order/11/ HTTP/1.1" 200 39589
INFO 2025-12-02 14:35:28,107 basehttp "GET /accounts/logout/ HTTP/1.1" 200 21799
INFO 2025-12-02 14:35:29,493 basehttp "POST /accounts/logout/ HTTP/1.1" 302 0
INFO 2025-12-02 14:35:29,509 basehttp "GET /accounts/login/ HTTP/1.1" 200 27202
INFO 2025-12-02 14:35:43,059 basehttp "POST /accounts/login/ HTTP/1.1" 302 0
INFO 2025-12-02 14:35:43,074 basehttp "GET /dashboard/ HTTP/1.1" 302 0
INFO 2025-12-02 14:35:43,137 basehttp "GET /dashboard/delivery/ HTTP/1.1" 200 37394
INFO 2025-12-02 14:47:12,898 autoreload Watching for file changes with StatReloader
INFO 2025-12-02 14:47:16,347 basehttp "GET /dashboard/ HTTP/1.1" 302 0
INFO 2025-12-02 14:47:16,377 basehttp "GET /dashboard/delivery/ HTTP/1.1" 200 36461
INFO 2025-12-02 14:47:16,399 basehttp "GET /static/js/script.js HTTP/1.1" 200 1397
INFO 2025-12-02 14:47:16,400 basehttp "GET /static/debug_toolbar/js/toolbar.js HTTP/1.1" 200 14879
INFO 2025-12-02 14:47:16,400 basehttp "GET /static/debug_toolbar/css/toolbar.css HTTP/1.1" 200 30101
INFO 2025-12-02 14:47:16,400 basehttp "GET /static/css/style.css HTTP/1.1" 200 76392
INFO 2025-12-02 14:47:34,475 basehttp "GET /static/debug_toolbar/css/print.css HTTP/1.1" 200 43
INFO 2025-12-02 14:47:34,476 basehttp "GET /static/debug_toolbar/js/utils.js HTTP/1.1" 200 4700
WARNING 2025-12-02 14:47:41,344 log Not Found: /favicon.ico
WARNING 2025-12-02 14:47:41,344 basehttp "GET /favicon.ico HTTP/1.1" 404 17750
INFO 2025-12-02 14:48:08,149 basehttp "GET /accounts/logout/ HTTP/1.1" 200 21798
INFO 2025-12-02 14:48:09,805 basehttp "POST /accounts/logout/ HTTP/1.1" 302 0
INFO 2025-12-02 14:48:09,825 basehttp "GET /accounts/login/ HTTP/1.1" 200 27204
INFO 2025-12-02 14:48:16,248 basehttp "POST /accounts/login/ HTTP/1.1" 302 0
INFO 2025-12-02 14:48:16,261 basehttp "GET /dashboard/ HTTP/1.1" 302 0
INFO 2025-12-02 14:48:16,335 basehttp "GET /dashboard/press/ HTTP/1.1" 200 45259
INFO 2025-12-02 14:57:57,919 basehttp "GET /dashboard/press/ HTTP/1.1" 200 44338
INFO 2025-12-02 14:57:57,953 basehttp "GET /static/js/script.js HTTP/1.1" 200 1397
INFO 2025-12-02 14:57:57,953 basehttp "GET /static/debug_toolbar/js/toolbar.js HTTP/1.1" 200 14879
INFO 2025-12-02 14:57:57,953 basehttp "GET /static/css/style.css HTTP/1.1" 200 76392
INFO 2025-12-02 14:57:57,954 basehttp "GET /static/debug_toolbar/css/toolbar.css HTTP/1.1" 200 30101
INFO 2025-12-02 14:57:59,027 basehttp "GET /dashboard/press/ HTTP/1.1" 200 44338
INFO 2025-12-02 14:57:59,045 basehttp "GET /static/debug_toolbar/js/toolbar.js HTTP/1.1" 200 14879
INFO 2025-12-02 14:57:59,045 basehttp "GET /static/js/script.js HTTP/1.1" 200 1397
INFO 2025-12-02 14:57:59,045 basehttp "GET /static/debug_toolbar/css/toolbar.css HTTP/1.1" 200 30101
INFO 2025-12-02 14:57:59,046 basehttp "GET /static/css/style.css HTTP/1.1" 200 76392
INFO 2025-12-02 14:57:59,183 basehttp "GET /static/debug_toolbar/css/print.css HTTP/1.1" 200 43
INFO 2025-12-02 14:57:59,188 basehttp "GET /static/debug_toolbar/js/utils.js HTTP/1.1" 200 4700
WARNING 2025-12-02 14:58:08,078 log Not Found: /favicon.ico
WARNING 2025-12-02 14:58:08,078 basehttp "GET /favicon.ico HTTP/1.1" 404 17750
INFO 2025-12-02 14:59:58,126 basehttp "GET /dashboard/press/ HTTP/1.1" 200 44338
INFO 2025-12-02 14:59:58,161 basehttp "GET /static/js/script.js HTTP/1.1" 200 1397
INFO 2025-12-02 14:59:58,161 basehttp "GET /static/css/style.css HTTP/1.1" 200 76392
INFO 2025-12-02 14:59:58,161 basehttp "GET /static/debug_toolbar/js/toolbar.js HTTP/1.1" 200 14879
INFO 2025-12-02 14:59:58,162 basehttp "GET /static/debug_toolbar/css/toolbar.css HTTP/1.1" 200 30101
INFO 2025-12-02 14:59:58,423 basehttp "GET /static/debug_toolbar/css/print.css HTTP/1.1" 200 43
INFO 2025-12-02 14:59:58,423 basehttp "GET /static/debug_toolbar/js/utils.js HTTP/1.1" 200 4700
WARNING 2025-12-02 15:00:00,109 log Not Found: /favicon.ico
WARNING 2025-12-02 15:00:00,110 basehttp "GET /favicon.ico HTTP/1.1" 404 17750
INFO 2025-12-02 15:03:14,535 basehttp "GET /dashboard/press/ HTTP/1.1" 200 44333
INFO 2025-12-02 15:03:14,574 basehttp "GET /static/debug_toolbar/js/toolbar.js HTTP/1.1" 200 14879
INFO 2025-12-02 15:03:14,575 basehttp "GET /static/js/script.js HTTP/1.1" 200 1397
INFO 2025-12-02 15:03:14,575 basehttp "GET /static/debug_toolbar/css/toolbar.css HTTP/1.1" 200 30101
INFO 2025-12-02 15:03:14,575 basehttp "GET /static/css/style.css HTTP/1.1" 200 76392
INFO 2025-12-02 15:03:15,331 basehttp "GET /static/debug_toolbar/css/print.css HTTP/1.1" 200 43
INFO 2025-12-02 15:03:15,331 basehttp "GET /static/debug_toolbar/js/utils.js HTTP/1.1" 200 4700
WARNING 2025-12-02 15:03:20,548 log Not Found: /favicon.ico
WARNING 2025-12-02 15:03:20,549 basehttp "GET /favicon.ico HTTP/1.1" 404 17750
INFO 2025-12-02 15:03:53,929 basehttp "GET /dashboard/press/ HTTP/1.1" 200 44333
INFO 2025-12-02 15:03:53,965 basehttp "GET /static/js/script.js HTTP/1.1" 200 1397
INFO 2025-12-02 15:03:53,965 basehttp "GET /static/debug_toolbar/css/toolbar.css HTTP/1.1" 200 30101
INFO 2025-12-02 15:03:53,966 basehttp "GET /static/debug_toolbar/js/toolbar.js HTTP/1.1" 200 14879
INFO 2025-12-02 15:03:53,966 basehttp "GET /static/css/style.css HTTP/1.1" 200 76392
INFO 2025-12-02 15:03:54,079 basehttp "GET /static/debug_toolbar/css/print.css HTTP/1.1" 200 43
INFO 2025-12-02 15:03:54,085 basehttp "GET /static/debug_toolbar/js/utils.js HTTP/1.1" 200 4700
WARNING 2025-12-02 15:03:55,385 log Not Found: /favicon.ico
WARNING 2025-12-02 15:03:55,385 basehttp "GET /favicon.ico HTTP/1.1" 404 17750
INFO 2025-12-02 15:05:54,187 basehttp "GET /dashboard/press/ HTTP/1.1" 200 44332
INFO 2025-12-02 15:05:54,224 basehttp "GET /static/js/script.js HTTP/1.1" 200 1397
INFO 2025-12-02 15:05:54,224 basehttp "GET /static/debug_toolbar/js/toolbar.js HTTP/1.1" 200 14879
INFO 2025-12-02 15:05:54,225 basehttp "GET /static/debug_toolbar/css/toolbar.css HTTP/1.1" 200 30101
INFO 2025-12-02 15:05:54,225 basehttp "GET /static/css/style.css HTTP/1.1" 200 76392
INFO 2025-12-02 15:05:56,395 basehttp "GET /static/debug_toolbar/css/print.css HTTP/1.1" 200 43
INFO 2025-12-02 15:05:56,403 basehttp "GET /static/debug_toolbar/js/utils.js HTTP/1.1" 200 4700
WARNING 2025-12-02 15:05:56,707 log Not Found: /favicon.ico
WARNING 2025-12-02 15:05:56,707 basehttp "GET /favicon.ico HTTP/1.1" 404 17750
INFO 2025-12-02 15:06:19,732 basehttp "GET /dashboard/press/ HTTP/1.1" 200 44483
INFO 2025-12-02 15:06:19,749 basehttp "GET /static/js/script.js HTTP/1.1" 200 1397
INFO 2025-12-02 15:06:19,749 basehttp "GET /static/debug_toolbar/js/toolbar.js HTTP/1.1" 200 14879
INFO 2025-12-02 15:06:19,750 basehttp "GET /static/css/style.css HTTP/1.1" 200 76392
INFO 2025-12-02 15:06:19,750 basehttp "GET /static/debug_toolbar/css/toolbar.css HTTP/1.1" 200 30101
INFO 2025-12-02 15:06:19,848 basehttp "GET /static/debug_toolbar/css/print.css HTTP/1.1" 200 43
INFO 2025-12-02 15:06:19,854 basehttp "GET /static/debug_toolbar/js/utils.js HTTP/1.1" 200 4700
WARNING 2025-12-02 15:06:20,213 log Not Found: /favicon.ico
WARNING 2025-12-02 15:06:20,213 basehttp "GET /favicon.ico HTTP/1.1" 404 17750
INFO 2025-12-02 15:06:20,249 basehttp "GET /dashboard/press/ HTTP/1.1" 200 44483
INFO 2025-12-02 15:06:20,308 basehttp "GET /static/js/script.js HTTP/1.1" 200 1397
INFO 2025-12-02 15:06:20,308 basehttp "GET /static/debug_toolbar/js/toolbar.js HTTP/1.1" 200 14879
INFO 2025-12-02 15:06:20,308 basehttp "GET /static/css/style.css HTTP/1.1" 200 76392
INFO 2025-12-02 15:06:20,309 basehttp "GET /static/debug_toolbar/css/toolbar.css HTTP/1.1" 200 30101
INFO 2025-12-02 15:06:20,427 basehttp "GET /static/debug_toolbar/css/print.css HTTP/1.1" 200 43
INFO 2025-12-02 15:06:20,428 basehttp "GET /static/debug_toolbar/js/utils.js HTTP/1.1" 200 4700
INFO 2025-12-02 15:06:20,530 basehttp "GET /dashboard/press/ HTTP/1.1" 200 44483
INFO 2025-12-02 15:06:20,548 basehttp "GET /static/js/script.js HTTP/1.1" 200 1397
INFO 2025-12-02 15:06:20,549 basehttp "GET /static/debug_toolbar/js/toolbar.js HTTP/1.1" 200 14879
INFO 2025-12-02 15:06:20,549 basehttp "GET /static/css/style.css HTTP/1.1" 200 76392
INFO 2025-12-02 15:06:20,550 basehttp "GET /static/debug_toolbar/css/toolbar.css HTTP/1.1" 200 30101
INFO 2025-12-02 15:06:20,654 basehttp "GET /static/debug_toolbar/css/print.css HTTP/1.1" 200 43
INFO 2025-12-02 15:06:20,673 basehttp "GET /static/debug_toolbar/js/utils.js HTTP/1.1" 200 4700
WARNING 2025-12-02 15:06:21,283 log Not Found: /favicon.ico
WARNING 2025-12-02 15:06:21,283 basehttp "GET /favicon.ico HTTP/1.1" 404 17750
INFO 2025-12-02 15:06:45,847 basehttp "GET /dashboard/press/ HTTP/1.1" 200 44482
INFO 2025-12-02 15:06:45,863 basehttp "GET /static/js/script.js HTTP/1.1" 200 1397
INFO 2025-12-02 15:06:45,863 basehttp "GET /static/debug_toolbar/js/toolbar.js HTTP/1.1" 200 14879
INFO 2025-12-02 15:06:45,863 basehttp "GET /static/debug_toolbar/css/toolbar.css HTTP/1.1" 200 30101
INFO 2025-12-02 15:06:45,864 basehttp "GET /static/css/style.css HTTP/1.1" 200 76392
INFO 2025-12-02 15:06:46,077 basehttp "GET /static/debug_toolbar/css/print.css HTTP/1.1" 200 43
INFO 2025-12-02 15:06:46,085 basehttp "GET /static/debug_toolbar/js/utils.js HTTP/1.1" 200 4700
INFO 2025-12-02 15:06:46,573 basehttp "GET /dashboard/press/ HTTP/1.1" 200 44482
INFO 2025-12-02 15:06:46,590 basehttp "GET /static/js/script.js HTTP/1.1" 200 1397
INFO 2025-12-02 15:06:46,590 basehttp "GET /static/debug_toolbar/js/toolbar.js HTTP/1.1" 200 14879
INFO 2025-12-02 15:06:46,591 basehttp "GET /static/debug_toolbar/css/toolbar.css HTTP/1.1" 200 30101
INFO 2025-12-02 15:06:46,591 basehttp "GET /static/css/style.css HTTP/1.1" 200 76392
INFO 2025-12-02 15:06:46,854 basehttp "GET /static/debug_toolbar/css/print.css HTTP/1.1" 200 43
INFO 2025-12-02 15:06:46,873 basehttp "GET /static/debug_toolbar/js/utils.js HTTP/1.1" 200 4700
INFO 2025-12-02 15:06:47,288 basehttp "GET /dashboard/press/ HTTP/1.1" 200 44482
INFO 2025-12-02 15:06:47,304 basehttp "GET /static/js/script.js HTTP/1.1" 200 1397
INFO 2025-12-02 15:06:47,305 basehttp "GET /static/debug_toolbar/js/toolbar.js HTTP/1.1" 200 14879
INFO 2025-12-02 15:06:47,305 basehttp "GET /static/debug_toolbar/css/toolbar.css HTTP/1.1" 200 30101
INFO 2025-12-02 15:06:47,305 basehttp "GET /static/css/style.css HTTP/1.1" 200 76392
INFO 2025-12-02 15:06:47,462 basehttp "GET /static/debug_toolbar/css/print.css HTTP/1.1" 200 43
INFO 2025-12-02 15:06:47,465 basehttp "GET /static/debug_toolbar/js/utils.js HTTP/1.1" 200 4700
INFO 2025-12-02 15:06:47,538 basehttp "GET /dashboard/press/ HTTP/1.1" 200 44482
INFO 2025-12-02 15:06:47,599 basehttp "GET /static/debug_toolbar/js/toolbar.js HTTP/1.1" 200 14879
INFO 2025-12-02 15:06:47,600 basehttp "GET /static/js/script.js HTTP/1.1" 200 1397
INFO 2025-12-02 15:06:47,600 basehttp "GET /static/debug_toolbar/css/toolbar.css HTTP/1.1" 200 30101
INFO 2025-12-02 15:06:47,600 basehttp "GET /static/css/style.css HTTP/1.1" 200 76392
INFO 2025-12-02 15:06:47,728 basehttp "GET /static/debug_toolbar/js/utils.js HTTP/1.1" 200 4700
INFO 2025-12-02 15:06:47,728 basehttp "GET /static/debug_toolbar/css/print.css HTTP/1.1" 200 43
INFO 2025-12-02 15:06:47,780 basehttp "GET /dashboard/press/ HTTP/1.1" 200 44482
INFO 2025-12-02 15:06:47,840 basehttp "GET /static/js/script.js HTTP/1.1" 200 1397
INFO 2025-12-02 15:06:47,840 basehttp "GET /static/debug_toolbar/js/toolbar.js HTTP/1.1" 200 14879
INFO 2025-12-02 15:06:47,841 basehttp "GET /static/debug_toolbar/css/toolbar.css HTTP/1.1" 200 30101
INFO 2025-12-02 15:06:47,841 basehttp "GET /static/css/style.css HTTP/1.1" 200 76392
INFO 2025-12-02 15:06:47,948 basehttp "GET /dashboard/press/ HTTP/1.1" 200 44482
INFO 2025-12-02 15:06:47,966 basehttp "GET /static/js/script.js HTTP/1.1" 200 1397
INFO 2025-12-02 15:06:47,967 basehttp "GET /static/debug_toolbar/css/toolbar.css HTTP/1.1" 200 30101
INFO 2025-12-02 15:06:47,967 basehttp "GET /static/debug_toolbar/js/toolbar.js HTTP/1.1" 200 14879
INFO 2025-12-02 15:06:47,967 basehttp "GET /static/css/style.css HTTP/1.1" 200 76392
INFO 2025-12-02 15:06:48,157 basehttp "GET /static/debug_toolbar/css/print.css HTTP/1.1" 200 43
INFO 2025-12-02 15:06:48,160 basehttp "GET /static/debug_toolbar/js/utils.js HTTP/1.1" 200 4700
WARNING 2025-12-02 15:06:50,604 log Not Found: /favicon.ico
WARNING 2025-12-02 15:06:50,605 basehttp "GET /favicon.ico HTTP/1.1" 404 17750
INFO 2025-12-02 15:07:12,055 basehttp "GET /dashboard/press/ HTTP/1.1" 200 44482
INFO 2025-12-02 15:07:12,076 basehttp "GET /static/js/script.js HTTP/1.1" 200 1397
INFO 2025-12-02 15:07:12,077 basehttp "GET /static/debug_toolbar/js/toolbar.js HTTP/1.1" 200 14879
INFO 2025-12-02 15:07:12,077 basehttp "GET /static/debug_toolbar/css/toolbar.css HTTP/1.1" 200 30101
INFO 2025-12-02 15:07:12,077 basehttp "GET /static/css/style.css HTTP/1.1" 200 76392
INFO 2025-12-02 15:07:12,197 basehttp "GET /static/debug_toolbar/css/print.css HTTP/1.1" 200 43
INFO 2025-12-02 15:07:12,204 basehttp "GET /static/debug_toolbar/js/utils.js HTTP/1.1" 200 4700
WARNING 2025-12-02 15:07:16,358 log Not Found: /favicon.ico
WARNING 2025-12-02 15:07:16,358 basehttp "GET /favicon.ico HTTP/1.1" 404 17750
INFO 2025-12-02 15:07:26,166 basehttp "GET /dashboard/press/ HTTP/1.1" 200 44483
INFO 2025-12-02 15:07:26,184 basehttp "GET /static/js/script.js HTTP/1.1" 200 1397
INFO 2025-12-02 15:07:26,186 basehttp "GET /static/css/style.css HTTP/1.1" 200 76392
INFO 2025-12-02 15:07:26,186 basehttp "GET /static/debug_toolbar/js/toolbar.js HTTP/1.1" 200 14879
INFO 2025-12-02 15:07:26,186 basehttp "GET /static/debug_toolbar/css/toolbar.css HTTP/1.1" 200 30101
INFO 2025-12-02 15:07:26,476 basehttp "GET /static/debug_toolbar/css/print.css HTTP/1.1" 200 43
INFO 2025-12-02 15:07:26,482 basehttp "GET /static/debug_toolbar/js/utils.js HTTP/1.1" 200 4700
WARNING 2025-12-02 15:07:30,570 log Not Found: /favicon.ico
WARNING 2025-12-02 15:07:30,570 basehttp "GET /favicon.ico HTTP/1.1" 404 17750
INFO 2025-12-02 15:07:32,115 basehttp "GET /dashboard/press/ HTTP/1.1" 200 44482
INFO 2025-12-02 15:07:32,133 basehttp "GET /static/js/script.js HTTP/1.1" 200 1397
INFO 2025-12-02 15:07:32,134 basehttp "GET /static/debug_toolbar/js/toolbar.js HTTP/1.1" 200 14879
INFO 2025-12-02 15:07:32,134 basehttp "GET /static/debug_toolbar/css/toolbar.css HTTP/1.1" 200 30101
INFO 2025-12-02 15:07:32,134 basehttp "GET /static/css/style.css HTTP/1.1" 200 76392
INFO 2025-12-02 15:07:32,228 basehttp "GET /static/debug_toolbar/css/print.css HTTP/1.1" 200 43
INFO 2025-12-02 15:07:32,235 basehttp "GET /static/debug_toolbar/js/utils.js HTTP/1.1" 200 4700
INFO 2025-12-02 15:07:32,605 basehttp "GET /dashboard/press/ HTTP/1.1" 200 44482
INFO 2025-12-02 15:07:32,621 basehttp "GET /static/js/script.js HTTP/1.1" 200 1397
INFO 2025-12-02 15:07:32,622 basehttp "GET /static/debug_toolbar/js/toolbar.js HTTP/1.1" 200 14879
INFO 2025-12-02 15:07:32,622 basehttp "GET /static/css/style.css HTTP/1.1" 200 76392
INFO 2025-12-02 15:07:32,622 basehttp "GET /static/debug_toolbar/css/toolbar.css HTTP/1.1" 200 30101
INFO 2025-12-02 15:07:32,724 basehttp "GET /static/debug_toolbar/css/print.css HTTP/1.1" 200 43
INFO 2025-12-02 15:07:32,729 basehttp "GET /static/debug_toolbar/js/utils.js HTTP/1.1" 200 4700
INFO 2025-12-02 15:07:33,288 basehttp "GET /dashboard/press/ HTTP/1.1" 200 44482
INFO 2025-12-02 15:07:33,302 basehttp "GET /static/js/script.js HTTP/1.1" 200 1397
INFO 2025-12-02 15:07:33,302 basehttp "GET /static/debug_toolbar/js/toolbar.js HTTP/1.1" 200 14879
INFO 2025-12-02 15:07:33,303 basehttp "GET /static/debug_toolbar/css/toolbar.css HTTP/1.1" 200 30101
INFO 2025-12-02 15:07:33,303 basehttp "GET /static/css/style.css HTTP/1.1" 200 76392
INFO 2025-12-02 15:07:33,415 basehttp "GET /static/debug_toolbar/css/print.css HTTP/1.1" 200 43
INFO 2025-12-02 15:07:33,415 basehttp "GET /static/debug_toolbar/js/utils.js HTTP/1.1" 200 4700
WARNING 2025-12-02 15:07:40,595 log Not Found: /favicon.ico
WARNING 2025-12-02 15:07:40,596 basehttp "GET /favicon.ico HTTP/1.1" 404 17750
ERROR 2025-12-02 15:09:24,356 log Internal Server Error: /dashboard/press/
Traceback (most recent call last):
  File "/home/mustafa/Desktop/Ironydjango/venv/lib/python3.12/site-packages/django/core/handlers/exception.py", line 55, in inner
    response = get_response(request)
               ^^^^^^^^^^^^^^^^^^^^^
  File "/home/mustafa/Desktop/Ironydjango/venv/lib/python3.12/site-packages/django/core/handlers/base.py", line 220, in _get_response
    response = response.render()
               ^^^^^^^^^^^^^^^^^
  File "/home/mustafa/Desktop/Ironydjango/venv/lib/python3.12/site-packages/django/template/response.py", line 114, in render
    self.content = self.rendered_content
                   ^^^^^^^^^^^^^^^^^^^^^
  File "/home/mustafa/Desktop/Ironydjango/venv/lib/python3.12/site-packages/django/template/response.py", line 92, in rendered_content
    return template.render(context, self._request)
           ^^^^^^^^^^^^^^^^^^^^^^^^^^^^^^^^^^^^^^^
  File "/home/mustafa/Desktop/Ironydjango/venv/lib/python3.12/site-packages/django/template/backends/django.py", line 107, in render
    return self.template.render(context)
           ^^^^^^^^^^^^^^^^^^^^^^^^^^^^^
  File "/home/mustafa/Desktop/Ironydjango/venv/lib/python3.12/site-packages/django/template/base.py", line 171, in render
    return self._render(context)
           ^^^^^^^^^^^^^^^^^^^^^
  File "/home/mustafa/Desktop/Ironydjango/venv/lib/python3.12/site-packages/django/test/utils.py", line 114, in instrumented_test_render
    return self.nodelist.render(context)
           ^^^^^^^^^^^^^^^^^^^^^^^^^^^^^
  File "/home/mustafa/Desktop/Ironydjango/venv/lib/python3.12/site-packages/django/template/base.py", line 1016, in render
    return SafeString("".join([node.render_annotated(context) for node in self]))
                               ^^^^^^^^^^^^^^^^^^^^^^^^^^^^^^
  File "/home/mustafa/Desktop/Ironydjango/venv/lib/python3.12/site-packages/django/template/base.py", line 977, in render_annotated
    return self.render(context)
           ^^^^^^^^^^^^^^^^^^^^
  File "/home/mustafa/Desktop/Ironydjango/venv/lib/python3.12/site-packages/django/template/loader_tags.py", line 134, in render
    compiled_parent = self.get_parent(context)
                      ^^^^^^^^^^^^^^^^^^^^^^^^
  File "/home/mustafa/Desktop/Ironydjango/venv/lib/python3.12/site-packages/django/template/loader_tags.py", line 131, in get_parent
    return self.find_template(parent, context)
           ^^^^^^^^^^^^^^^^^^^^^^^^^^^^^^^^^^^
  File "/home/mustafa/Desktop/Ironydjango/venv/lib/python3.12/site-packages/django/template/loader_tags.py", line 109, in find_template
    template, origin = context.template.engine.find_template(
                       ^^^^^^^^^^^^^^^^^^^^^^^^^^^^^^^^^^^^^^
  File "/home/mustafa/Desktop/Ironydjango/venv/lib/python3.12/site-packages/django/template/engine.py", line 159, in find_template
    template = loader.get_template(name, skip=skip)
               ^^^^^^^^^^^^^^^^^^^^^^^^^^^^^^^^^^^^
  File "/home/mustafa/Desktop/Ironydjango/venv/lib/python3.12/site-packages/django/template/loaders/cached.py", line 57, in get_template
    template = super().get_template(template_name, skip)
               ^^^^^^^^^^^^^^^^^^^^^^^^^^^^^^^^^^^^^^^^^
  File "/home/mustafa/Desktop/Ironydjango/venv/lib/python3.12/site-packages/django/template/loaders/base.py", line 28, in get_template
    return Template(
           ^^^^^^^^^
  File "/home/mustafa/Desktop/Ironydjango/venv/lib/python3.12/site-packages/django/template/base.py", line 154, in __init__
    self.nodelist = self.compile_nodelist()
                    ^^^^^^^^^^^^^^^^^^^^^^^
  File "/home/mustafa/Desktop/Ironydjango/venv/lib/python3.12/site-packages/django/template/base.py", line 196, in compile_nodelist
    nodelist = parser.parse()
               ^^^^^^^^^^^^^^
  File "/home/mustafa/Desktop/Ironydjango/venv/lib/python3.12/site-packages/django/template/base.py", line 518, in parse
    raise self.error(token, e)
  File "/home/mustafa/Desktop/Ironydjango/venv/lib/python3.12/site-packages/django/template/base.py", line 516, in parse
    compiled_result = compile_func(self, token)
                      ^^^^^^^^^^^^^^^^^^^^^^^^^
  File "/home/mustafa/Desktop/Ironydjango/venv/lib/python3.12/site-packages/django/template/loader_tags.py", line 299, in do_extends
    nodelist = parser.parse()
               ^^^^^^^^^^^^^^
  File "/home/mustafa/Desktop/Ironydjango/venv/lib/python3.12/site-packages/django/template/base.py", line 518, in parse
    raise self.error(token, e)
  File "/home/mustafa/Desktop/Ironydjango/venv/lib/python3.12/site-packages/django/template/base.py", line 516, in parse
    compiled_result = compile_func(self, token)
                      ^^^^^^^^^^^^^^^^^^^^^^^^^
  File "/home/mustafa/Desktop/Ironydjango/venv/lib/python3.12/site-packages/django/template/loader_tags.py", line 228, in do_block
    raise TemplateSyntaxError(
django.template.exceptions.TemplateSyntaxError: 'block' tag with name 'extra_css' appears more than once
ERROR 2025-12-02 15:09:24,411 basehttp "GET /dashboard/press/ HTTP/1.1" 500 239282
INFO 2025-12-02 15:09:24,442 basehttp "GET /static/debug_toolbar/css/toolbar.css HTTP/1.1" 200 30101
INFO 2025-12-02 15:09:24,445 basehttp "GET /static/debug_toolbar/js/toolbar.js HTTP/1.1" 200 14879
INFO 2025-12-02 15:09:24,452 basehttp "GET /static/debug_toolbar/css/print.css HTTP/1.1" 200 43
INFO 2025-12-02 15:09:24,526 basehttp "GET /static/debug_toolbar/js/utils.js HTTP/1.1" 200 4700
WARNING 2025-12-02 15:09:24,609 log Not Found: /favicon.ico
WARNING 2025-12-02 15:09:24,610 basehttp "GET /favicon.ico HTTP/1.1" 404 17750
ERROR 2025-12-02 15:09:25,138 log Internal Server Error: /dashboard/press/
Traceback (most recent call last):
  File "/home/mustafa/Desktop/Ironydjango/venv/lib/python3.12/site-packages/django/core/handlers/exception.py", line 55, in inner
    response = get_response(request)
               ^^^^^^^^^^^^^^^^^^^^^
  File "/home/mustafa/Desktop/Ironydjango/venv/lib/python3.12/site-packages/django/core/handlers/base.py", line 220, in _get_response
    response = response.render()
               ^^^^^^^^^^^^^^^^^
  File "/home/mustafa/Desktop/Ironydjango/venv/lib/python3.12/site-packages/django/template/response.py", line 114, in render
    self.content = self.rendered_content
                   ^^^^^^^^^^^^^^^^^^^^^
  File "/home/mustafa/Desktop/Ironydjango/venv/lib/python3.12/site-packages/django/template/response.py", line 92, in rendered_content
    return template.render(context, self._request)
           ^^^^^^^^^^^^^^^^^^^^^^^^^^^^^^^^^^^^^^^
  File "/home/mustafa/Desktop/Ironydjango/venv/lib/python3.12/site-packages/django/template/backends/django.py", line 107, in render
    return self.template.render(context)
           ^^^^^^^^^^^^^^^^^^^^^^^^^^^^^
  File "/home/mustafa/Desktop/Ironydjango/venv/lib/python3.12/site-packages/django/template/base.py", line 171, in render
    return self._render(context)
           ^^^^^^^^^^^^^^^^^^^^^
  File "/home/mustafa/Desktop/Ironydjango/venv/lib/python3.12/site-packages/django/test/utils.py", line 114, in instrumented_test_render
    return self.nodelist.render(context)
           ^^^^^^^^^^^^^^^^^^^^^^^^^^^^^
  File "/home/mustafa/Desktop/Ironydjango/venv/lib/python3.12/site-packages/django/template/base.py", line 1016, in render
    return SafeString("".join([node.render_annotated(context) for node in self]))
                               ^^^^^^^^^^^^^^^^^^^^^^^^^^^^^^
  File "/home/mustafa/Desktop/Ironydjango/venv/lib/python3.12/site-packages/django/template/base.py", line 977, in render_annotated
    return self.render(context)
           ^^^^^^^^^^^^^^^^^^^^
  File "/home/mustafa/Desktop/Ironydjango/venv/lib/python3.12/site-packages/django/template/loader_tags.py", line 134, in render
    compiled_parent = self.get_parent(context)
                      ^^^^^^^^^^^^^^^^^^^^^^^^
  File "/home/mustafa/Desktop/Ironydjango/venv/lib/python3.12/site-packages/django/template/loader_tags.py", line 131, in get_parent
    return self.find_template(parent, context)
           ^^^^^^^^^^^^^^^^^^^^^^^^^^^^^^^^^^^
  File "/home/mustafa/Desktop/Ironydjango/venv/lib/python3.12/site-packages/django/template/loader_tags.py", line 109, in find_template
    template, origin = context.template.engine.find_template(
                       ^^^^^^^^^^^^^^^^^^^^^^^^^^^^^^^^^^^^^^
  File "/home/mustafa/Desktop/Ironydjango/venv/lib/python3.12/site-packages/django/template/engine.py", line 159, in find_template
    template = loader.get_template(name, skip=skip)
               ^^^^^^^^^^^^^^^^^^^^^^^^^^^^^^^^^^^^
  File "/home/mustafa/Desktop/Ironydjango/venv/lib/python3.12/site-packages/django/template/loaders/cached.py", line 57, in get_template
    template = super().get_template(template_name, skip)
               ^^^^^^^^^^^^^^^^^^^^^^^^^^^^^^^^^^^^^^^^^
  File "/home/mustafa/Desktop/Ironydjango/venv/lib/python3.12/site-packages/django/template/loaders/base.py", line 28, in get_template
    return Template(
           ^^^^^^^^^
  File "/home/mustafa/Desktop/Ironydjango/venv/lib/python3.12/site-packages/django/template/base.py", line 154, in __init__
    self.nodelist = self.compile_nodelist()
                    ^^^^^^^^^^^^^^^^^^^^^^^
  File "/home/mustafa/Desktop/Ironydjango/venv/lib/python3.12/site-packages/django/template/base.py", line 196, in compile_nodelist
    nodelist = parser.parse()
               ^^^^^^^^^^^^^^
  File "/home/mustafa/Desktop/Ironydjango/venv/lib/python3.12/site-packages/django/template/base.py", line 518, in parse
    raise self.error(token, e)
  File "/home/mustafa/Desktop/Ironydjango/venv/lib/python3.12/site-packages/django/template/base.py", line 516, in parse
    compiled_result = compile_func(self, token)
                      ^^^^^^^^^^^^^^^^^^^^^^^^^
  File "/home/mustafa/Desktop/Ironydjango/venv/lib/python3.12/site-packages/django/template/loader_tags.py", line 299, in do_extends
    nodelist = parser.parse()
               ^^^^^^^^^^^^^^
  File "/home/mustafa/Desktop/Ironydjango/venv/lib/python3.12/site-packages/django/template/base.py", line 518, in parse
    raise self.error(token, e)
  File "/home/mustafa/Desktop/Ironydjango/venv/lib/python3.12/site-packages/django/template/base.py", line 516, in parse
    compiled_result = compile_func(self, token)
                      ^^^^^^^^^^^^^^^^^^^^^^^^^
  File "/home/mustafa/Desktop/Ironydjango/venv/lib/python3.12/site-packages/django/template/loader_tags.py", line 228, in do_block
    raise TemplateSyntaxError(
django.template.exceptions.TemplateSyntaxError: 'block' tag with name 'extra_css' appears more than once
ERROR 2025-12-02 15:09:25,181 basehttp "GET /dashboard/press/ HTTP/1.1" 500 239280
INFO 2025-12-02 15:09:25,195 basehttp "GET /static/debug_toolbar/css/toolbar.css HTTP/1.1" 200 30101
INFO 2025-12-02 15:09:25,195 basehttp "GET /static/debug_toolbar/js/toolbar.js HTTP/1.1" 200 14879
INFO 2025-12-02 15:09:25,221 basehttp "GET /static/debug_toolbar/css/print.css HTTP/1.1" 200 43
INFO 2025-12-02 15:09:25,257 basehttp "GET /static/debug_toolbar/js/utils.js HTTP/1.1" 200 4700
WARNING 2025-12-02 15:09:25,353 log Not Found: /favicon.ico
WARNING 2025-12-02 15:09:25,353 basehttp "GET /favicon.ico HTTP/1.1" 404 17750
ERROR 2025-12-02 15:11:30,725 log Internal Server Error: /
Traceback (most recent call last):
  File "/home/mustafa/Desktop/Ironydjango/venv/lib/python3.12/site-packages/django/template/smartif.py", line 180, in translate_token
    op = OPERATORS[token]
         ~~~~~~~~~^^^^^^^
KeyError: "request.path|startswith:'/dashboard/'"

During handling of the above exception, another exception occurred:

Traceback (most recent call last):
  File "/home/mustafa/Desktop/Ironydjango/venv/lib/python3.12/site-packages/django/core/handlers/exception.py", line 55, in inner
    response = get_response(request)
               ^^^^^^^^^^^^^^^^^^^^^
  File "/home/mustafa/Desktop/Ironydjango/venv/lib/python3.12/site-packages/django/core/handlers/base.py", line 220, in _get_response
    response = response.render()
               ^^^^^^^^^^^^^^^^^
  File "/home/mustafa/Desktop/Ironydjango/venv/lib/python3.12/site-packages/django/template/response.py", line 114, in render
    self.content = self.rendered_content
                   ^^^^^^^^^^^^^^^^^^^^^
  File "/home/mustafa/Desktop/Ironydjango/venv/lib/python3.12/site-packages/django/template/response.py", line 92, in rendered_content
    return template.render(context, self._request)
           ^^^^^^^^^^^^^^^^^^^^^^^^^^^^^^^^^^^^^^^
  File "/home/mustafa/Desktop/Ironydjango/venv/lib/python3.12/site-packages/django/template/backends/django.py", line 107, in render
    return self.template.render(context)
           ^^^^^^^^^^^^^^^^^^^^^^^^^^^^^
  File "/home/mustafa/Desktop/Ironydjango/venv/lib/python3.12/site-packages/django/template/base.py", line 171, in render
    return self._render(context)
           ^^^^^^^^^^^^^^^^^^^^^
  File "/home/mustafa/Desktop/Ironydjango/venv/lib/python3.12/site-packages/django/test/utils.py", line 114, in instrumented_test_render
    return self.nodelist.render(context)
           ^^^^^^^^^^^^^^^^^^^^^^^^^^^^^
  File "/home/mustafa/Desktop/Ironydjango/venv/lib/python3.12/site-packages/django/template/base.py", line 1016, in render
    return SafeString("".join([node.render_annotated(context) for node in self]))
                               ^^^^^^^^^^^^^^^^^^^^^^^^^^^^^^
  File "/home/mustafa/Desktop/Ironydjango/venv/lib/python3.12/site-packages/django/template/base.py", line 977, in render_annotated
    return self.render(context)
           ^^^^^^^^^^^^^^^^^^^^
  File "/home/mustafa/Desktop/Ironydjango/venv/lib/python3.12/site-packages/django/template/loader_tags.py", line 134, in render
    compiled_parent = self.get_parent(context)
                      ^^^^^^^^^^^^^^^^^^^^^^^^
  File "/home/mustafa/Desktop/Ironydjango/venv/lib/python3.12/site-packages/django/template/loader_tags.py", line 131, in get_parent
    return self.find_template(parent, context)
           ^^^^^^^^^^^^^^^^^^^^^^^^^^^^^^^^^^^
  File "/home/mustafa/Desktop/Ironydjango/venv/lib/python3.12/site-packages/django/template/loader_tags.py", line 109, in find_template
    template, origin = context.template.engine.find_template(
                       ^^^^^^^^^^^^^^^^^^^^^^^^^^^^^^^^^^^^^^
  File "/home/mustafa/Desktop/Ironydjango/venv/lib/python3.12/site-packages/django/template/engine.py", line 159, in find_template
    template = loader.get_template(name, skip=skip)
               ^^^^^^^^^^^^^^^^^^^^^^^^^^^^^^^^^^^^
  File "/home/mustafa/Desktop/Ironydjango/venv/lib/python3.12/site-packages/django/template/loaders/cached.py", line 57, in get_template
    template = super().get_template(template_name, skip)
               ^^^^^^^^^^^^^^^^^^^^^^^^^^^^^^^^^^^^^^^^^
  File "/home/mustafa/Desktop/Ironydjango/venv/lib/python3.12/site-packages/django/template/loaders/base.py", line 28, in get_template
    return Template(
           ^^^^^^^^^
  File "/home/mustafa/Desktop/Ironydjango/venv/lib/python3.12/site-packages/django/template/base.py", line 154, in __init__
    self.nodelist = self.compile_nodelist()
                    ^^^^^^^^^^^^^^^^^^^^^^^
  File "/home/mustafa/Desktop/Ironydjango/venv/lib/python3.12/site-packages/django/template/base.py", line 196, in compile_nodelist
    nodelist = parser.parse()
               ^^^^^^^^^^^^^^
  File "/home/mustafa/Desktop/Ironydjango/venv/lib/python3.12/site-packages/django/template/base.py", line 518, in parse
    raise self.error(token, e)
  File "/home/mustafa/Desktop/Ironydjango/venv/lib/python3.12/site-packages/django/template/base.py", line 516, in parse
    compiled_result = compile_func(self, token)
                      ^^^^^^^^^^^^^^^^^^^^^^^^^
  File "/home/mustafa/Desktop/Ironydjango/venv/lib/python3.12/site-packages/django/template/defaulttags.py", line 961, in do_if
    condition = TemplateIfParser(parser, bits).parse()
                ^^^^^^^^^^^^^^^^^^^^^^^^^^^^^^
  File "/home/mustafa/Desktop/Ironydjango/venv/lib/python3.12/site-packages/django/template/defaulttags.py", line 894, in __init__
    super().__init__(*args, **kwargs)
  File "/home/mustafa/Desktop/Ironydjango/venv/lib/python3.12/site-packages/django/template/smartif.py", line 171, in __init__
    mapped_tokens.append(self.translate_token(token))
                         ^^^^^^^^^^^^^^^^^^^^^^^^^^^
  File "/home/mustafa/Desktop/Ironydjango/venv/lib/python3.12/site-packages/django/template/smartif.py", line 182, in translate_token
    return self.create_var(token)
           ^^^^^^^^^^^^^^^^^^^^^^
  File "/home/mustafa/Desktop/Ironydjango/venv/lib/python3.12/site-packages/django/template/defaulttags.py", line 897, in create_var
    return TemplateLiteral(self.template_parser.compile_filter(value), value)
                           ^^^^^^^^^^^^^^^^^^^^^^^^^^^^^^^^^^^^^^^^^^
  File "/home/mustafa/Desktop/Ironydjango/venv/lib/python3.12/site-packages/django/template/base.py", line 609, in compile_filter
    return FilterExpression(token, self)
           ^^^^^^^^^^^^^^^^^^^^^^^^^^^^^
  File "/home/mustafa/Desktop/Ironydjango/venv/lib/python3.12/site-packages/django/template/base.py", line 705, in __init__
    filter_func = parser.find_filter(filter_name)
                  ^^^^^^^^^^^^^^^^^^^^^^^^^^^^^^^
  File "/home/mustafa/Desktop/Ironydjango/venv/lib/python3.12/site-packages/django/template/base.py", line 615, in find_filter
    raise TemplateSyntaxError("Invalid filter: '%s'" % filter_name)
django.template.exceptions.TemplateSyntaxError: Invalid filter: 'startswith'
ERROR 2025-12-02 15:11:30,776 basehttp "GET / HTTP/1.1" 500 282087
ERROR 2025-12-02 15:11:31,236 log Internal Server Error: /
Traceback (most recent call last):
  File "/home/mustafa/Desktop/Ironydjango/venv/lib/python3.12/site-packages/django/template/smartif.py", line 180, in translate_token
    op = OPERATORS[token]
         ~~~~~~~~~^^^^^^^
KeyError: "request.path|startswith:'/dashboard/'"

During handling of the above exception, another exception occurred:

Traceback (most recent call last):
  File "/home/mustafa/Desktop/Ironydjango/venv/lib/python3.12/site-packages/django/core/handlers/exception.py", line 55, in inner
    response = get_response(request)
               ^^^^^^^^^^^^^^^^^^^^^
  File "/home/mustafa/Desktop/Ironydjango/venv/lib/python3.12/site-packages/django/core/handlers/base.py", line 220, in _get_response
    response = response.render()
               ^^^^^^^^^^^^^^^^^
  File "/home/mustafa/Desktop/Ironydjango/venv/lib/python3.12/site-packages/django/template/response.py", line 114, in render
    self.content = self.rendered_content
                   ^^^^^^^^^^^^^^^^^^^^^
  File "/home/mustafa/Desktop/Ironydjango/venv/lib/python3.12/site-packages/django/template/response.py", line 92, in rendered_content
    return template.render(context, self._request)
           ^^^^^^^^^^^^^^^^^^^^^^^^^^^^^^^^^^^^^^^
  File "/home/mustafa/Desktop/Ironydjango/venv/lib/python3.12/site-packages/django/template/backends/django.py", line 107, in render
    return self.template.render(context)
           ^^^^^^^^^^^^^^^^^^^^^^^^^^^^^
  File "/home/mustafa/Desktop/Ironydjango/venv/lib/python3.12/site-packages/django/template/base.py", line 171, in render
    return self._render(context)
           ^^^^^^^^^^^^^^^^^^^^^
  File "/home/mustafa/Desktop/Ironydjango/venv/lib/python3.12/site-packages/django/test/utils.py", line 114, in instrumented_test_render
    return self.nodelist.render(context)
           ^^^^^^^^^^^^^^^^^^^^^^^^^^^^^
  File "/home/mustafa/Desktop/Ironydjango/venv/lib/python3.12/site-packages/django/template/base.py", line 1016, in render
    return SafeString("".join([node.render_annotated(context) for node in self]))
                               ^^^^^^^^^^^^^^^^^^^^^^^^^^^^^^
  File "/home/mustafa/Desktop/Ironydjango/venv/lib/python3.12/site-packages/django/template/base.py", line 977, in render_annotated
    return self.render(context)
           ^^^^^^^^^^^^^^^^^^^^
  File "/home/mustafa/Desktop/Ironydjango/venv/lib/python3.12/site-packages/django/template/loader_tags.py", line 134, in render
    compiled_parent = self.get_parent(context)
                      ^^^^^^^^^^^^^^^^^^^^^^^^
  File "/home/mustafa/Desktop/Ironydjango/venv/lib/python3.12/site-packages/django/template/loader_tags.py", line 131, in get_parent
    return self.find_template(parent, context)
           ^^^^^^^^^^^^^^^^^^^^^^^^^^^^^^^^^^^
  File "/home/mustafa/Desktop/Ironydjango/venv/lib/python3.12/site-packages/django/template/loader_tags.py", line 109, in find_template
    template, origin = context.template.engine.find_template(
                       ^^^^^^^^^^^^^^^^^^^^^^^^^^^^^^^^^^^^^^
  File "/home/mustafa/Desktop/Ironydjango/venv/lib/python3.12/site-packages/django/template/engine.py", line 159, in find_template
    template = loader.get_template(name, skip=skip)
               ^^^^^^^^^^^^^^^^^^^^^^^^^^^^^^^^^^^^
  File "/home/mustafa/Desktop/Ironydjango/venv/lib/python3.12/site-packages/django/template/loaders/cached.py", line 57, in get_template
    template = super().get_template(template_name, skip)
               ^^^^^^^^^^^^^^^^^^^^^^^^^^^^^^^^^^^^^^^^^
  File "/home/mustafa/Desktop/Ironydjango/venv/lib/python3.12/site-packages/django/template/loaders/base.py", line 28, in get_template
    return Template(
           ^^^^^^^^^
  File "/home/mustafa/Desktop/Ironydjango/venv/lib/python3.12/site-packages/django/template/base.py", line 154, in __init__
    self.nodelist = self.compile_nodelist()
                    ^^^^^^^^^^^^^^^^^^^^^^^
  File "/home/mustafa/Desktop/Ironydjango/venv/lib/python3.12/site-packages/django/template/base.py", line 196, in compile_nodelist
    nodelist = parser.parse()
               ^^^^^^^^^^^^^^
  File "/home/mustafa/Desktop/Ironydjango/venv/lib/python3.12/site-packages/django/template/base.py", line 518, in parse
    raise self.error(token, e)
  File "/home/mustafa/Desktop/Ironydjango/venv/lib/python3.12/site-packages/django/template/base.py", line 516, in parse
    compiled_result = compile_func(self, token)
                      ^^^^^^^^^^^^^^^^^^^^^^^^^
  File "/home/mustafa/Desktop/Ironydjango/venv/lib/python3.12/site-packages/django/template/defaulttags.py", line 961, in do_if
    condition = TemplateIfParser(parser, bits).parse()
                ^^^^^^^^^^^^^^^^^^^^^^^^^^^^^^
  File "/home/mustafa/Desktop/Ironydjango/venv/lib/python3.12/site-packages/django/template/defaulttags.py", line 894, in __init__
    super().__init__(*args, **kwargs)
  File "/home/mustafa/Desktop/Ironydjango/venv/lib/python3.12/site-packages/django/template/smartif.py", line 171, in __init__
    mapped_tokens.append(self.translate_token(token))
                         ^^^^^^^^^^^^^^^^^^^^^^^^^^^
  File "/home/mustafa/Desktop/Ironydjango/venv/lib/python3.12/site-packages/django/template/smartif.py", line 182, in translate_token
    return self.create_var(token)
           ^^^^^^^^^^^^^^^^^^^^^^
  File "/home/mustafa/Desktop/Ironydjango/venv/lib/python3.12/site-packages/django/template/defaulttags.py", line 897, in create_var
    return TemplateLiteral(self.template_parser.compile_filter(value), value)
                           ^^^^^^^^^^^^^^^^^^^^^^^^^^^^^^^^^^^^^^^^^^
  File "/home/mustafa/Desktop/Ironydjango/venv/lib/python3.12/site-packages/django/template/base.py", line 609, in compile_filter
    return FilterExpression(token, self)
           ^^^^^^^^^^^^^^^^^^^^^^^^^^^^^
  File "/home/mustafa/Desktop/Ironydjango/venv/lib/python3.12/site-packages/django/template/base.py", line 705, in __init__
    filter_func = parser.find_filter(filter_name)
                  ^^^^^^^^^^^^^^^^^^^^^^^^^^^^^^^
  File "/home/mustafa/Desktop/Ironydjango/venv/lib/python3.12/site-packages/django/template/base.py", line 615, in find_filter
    raise TemplateSyntaxError("Invalid filter: '%s'" % filter_name)
django.template.exceptions.TemplateSyntaxError: Invalid filter: 'startswith'
ERROR 2025-12-02 15:11:31,287 basehttp "GET / HTTP/1.1" 500 281813
ERROR 2025-12-02 15:13:42,376 log Internal Server Error: /
Traceback (most recent call last):
  File "/home/mustafa/Desktop/Ironydjango/venv/lib/python3.12/site-packages/django/template/smartif.py", line 180, in translate_token
    op = OPERATORS[token]
         ~~~~~~~~~^^^^^^^
KeyError: "request.path|startswith:'/dashboard/'"

During handling of the above exception, another exception occurred:

Traceback (most recent call last):
  File "/home/mustafa/Desktop/Ironydjango/venv/lib/python3.12/site-packages/django/core/handlers/exception.py", line 55, in inner
    response = get_response(request)
               ^^^^^^^^^^^^^^^^^^^^^
  File "/home/mustafa/Desktop/Ironydjango/venv/lib/python3.12/site-packages/django/core/handlers/base.py", line 220, in _get_response
    response = response.render()
               ^^^^^^^^^^^^^^^^^
  File "/home/mustafa/Desktop/Ironydjango/venv/lib/python3.12/site-packages/django/template/response.py", line 114, in render
    self.content = self.rendered_content
                   ^^^^^^^^^^^^^^^^^^^^^
  File "/home/mustafa/Desktop/Ironydjango/venv/lib/python3.12/site-packages/django/template/response.py", line 92, in rendered_content
    return template.render(context, self._request)
           ^^^^^^^^^^^^^^^^^^^^^^^^^^^^^^^^^^^^^^^
  File "/home/mustafa/Desktop/Ironydjango/venv/lib/python3.12/site-packages/django/template/backends/django.py", line 107, in render
    return self.template.render(context)
           ^^^^^^^^^^^^^^^^^^^^^^^^^^^^^
  File "/home/mustafa/Desktop/Ironydjango/venv/lib/python3.12/site-packages/django/template/base.py", line 171, in render
    return self._render(context)
           ^^^^^^^^^^^^^^^^^^^^^
  File "/home/mustafa/Desktop/Ironydjango/venv/lib/python3.12/site-packages/django/test/utils.py", line 114, in instrumented_test_render
    return self.nodelist.render(context)
           ^^^^^^^^^^^^^^^^^^^^^^^^^^^^^
  File "/home/mustafa/Desktop/Ironydjango/venv/lib/python3.12/site-packages/django/template/base.py", line 1016, in render
    return SafeString("".join([node.render_annotated(context) for node in self]))
                               ^^^^^^^^^^^^^^^^^^^^^^^^^^^^^^
  File "/home/mustafa/Desktop/Ironydjango/venv/lib/python3.12/site-packages/django/template/base.py", line 977, in render_annotated
    return self.render(context)
           ^^^^^^^^^^^^^^^^^^^^
  File "/home/mustafa/Desktop/Ironydjango/venv/lib/python3.12/site-packages/django/template/loader_tags.py", line 134, in render
    compiled_parent = self.get_parent(context)
                      ^^^^^^^^^^^^^^^^^^^^^^^^
  File "/home/mustafa/Desktop/Ironydjango/venv/lib/python3.12/site-packages/django/template/loader_tags.py", line 131, in get_parent
    return self.find_template(parent, context)
           ^^^^^^^^^^^^^^^^^^^^^^^^^^^^^^^^^^^
  File "/home/mustafa/Desktop/Ironydjango/venv/lib/python3.12/site-packages/django/template/loader_tags.py", line 109, in find_template
    template, origin = context.template.engine.find_template(
                       ^^^^^^^^^^^^^^^^^^^^^^^^^^^^^^^^^^^^^^
  File "/home/mustafa/Desktop/Ironydjango/venv/lib/python3.12/site-packages/django/template/engine.py", line 159, in find_template
    template = loader.get_template(name, skip=skip)
               ^^^^^^^^^^^^^^^^^^^^^^^^^^^^^^^^^^^^
  File "/home/mustafa/Desktop/Ironydjango/venv/lib/python3.12/site-packages/django/template/loaders/cached.py", line 57, in get_template
    template = super().get_template(template_name, skip)
               ^^^^^^^^^^^^^^^^^^^^^^^^^^^^^^^^^^^^^^^^^
  File "/home/mustafa/Desktop/Ironydjango/venv/lib/python3.12/site-packages/django/template/loaders/base.py", line 28, in get_template
    return Template(
           ^^^^^^^^^
  File "/home/mustafa/Desktop/Ironydjango/venv/lib/python3.12/site-packages/django/template/base.py", line 154, in __init__
    self.nodelist = self.compile_nodelist()
                    ^^^^^^^^^^^^^^^^^^^^^^^
  File "/home/mustafa/Desktop/Ironydjango/venv/lib/python3.12/site-packages/django/template/base.py", line 196, in compile_nodelist
    nodelist = parser.parse()
               ^^^^^^^^^^^^^^
  File "/home/mustafa/Desktop/Ironydjango/venv/lib/python3.12/site-packages/django/template/base.py", line 518, in parse
    raise self.error(token, e)
  File "/home/mustafa/Desktop/Ironydjango/venv/lib/python3.12/site-packages/django/template/base.py", line 516, in parse
    compiled_result = compile_func(self, token)
                      ^^^^^^^^^^^^^^^^^^^^^^^^^
  File "/home/mustafa/Desktop/Ironydjango/venv/lib/python3.12/site-packages/django/template/defaulttags.py", line 961, in do_if
    condition = TemplateIfParser(parser, bits).parse()
                ^^^^^^^^^^^^^^^^^^^^^^^^^^^^^^
  File "/home/mustafa/Desktop/Ironydjango/venv/lib/python3.12/site-packages/django/template/defaulttags.py", line 894, in __init__
    super().__init__(*args, **kwargs)
  File "/home/mustafa/Desktop/Ironydjango/venv/lib/python3.12/site-packages/django/template/smartif.py", line 171, in __init__
    mapped_tokens.append(self.translate_token(token))
                         ^^^^^^^^^^^^^^^^^^^^^^^^^^^
  File "/home/mustafa/Desktop/Ironydjango/venv/lib/python3.12/site-packages/django/template/smartif.py", line 182, in translate_token
    return self.create_var(token)
           ^^^^^^^^^^^^^^^^^^^^^^
  File "/home/mustafa/Desktop/Ironydjango/venv/lib/python3.12/site-packages/django/template/defaulttags.py", line 897, in create_var
    return TemplateLiteral(self.template_parser.compile_filter(value), value)
                           ^^^^^^^^^^^^^^^^^^^^^^^^^^^^^^^^^^^^^^^^^^
  File "/home/mustafa/Desktop/Ironydjango/venv/lib/python3.12/site-packages/django/template/base.py", line 609, in compile_filter
    return FilterExpression(token, self)
           ^^^^^^^^^^^^^^^^^^^^^^^^^^^^^
  File "/home/mustafa/Desktop/Ironydjango/venv/lib/python3.12/site-packages/django/template/base.py", line 705, in __init__
    filter_func = parser.find_filter(filter_name)
                  ^^^^^^^^^^^^^^^^^^^^^^^^^^^^^^^
  File "/home/mustafa/Desktop/Ironydjango/venv/lib/python3.12/site-packages/django/template/base.py", line 615, in find_filter
    raise TemplateSyntaxError("Invalid filter: '%s'" % filter_name)
django.template.exceptions.TemplateSyntaxError: Invalid filter: 'startswith'
ERROR 2025-12-02 15:13:42,425 basehttp "GET / HTTP/1.1" 500 263137
INFO 2025-12-02 15:13:42,454 basehttp "GET /static/debug_toolbar/css/toolbar.css HTTP/1.1" 200 30101
INFO 2025-12-02 15:13:42,455 basehttp "GET /static/debug_toolbar/js/toolbar.js HTTP/1.1" 200 14879
INFO 2025-12-02 15:13:42,483 basehttp "GET /static/debug_toolbar/css/print.css HTTP/1.1" 200 43
INFO 2025-12-02 15:13:42,551 basehttp "GET /static/debug_toolbar/js/utils.js HTTP/1.1" 200 4700
WARNING 2025-12-02 15:13:42,653 log Not Found: /favicon.ico
WARNING 2025-12-02 15:13:42,653 basehttp "GET /favicon.ico HTTP/1.1" 404 17750
ERROR 2025-12-02 15:13:43,319 log Internal Server Error: /
Traceback (most recent call last):
  File "/home/mustafa/Desktop/Ironydjango/venv/lib/python3.12/site-packages/django/template/smartif.py", line 180, in translate_token
    op = OPERATORS[token]
         ~~~~~~~~~^^^^^^^
KeyError: "request.path|startswith:'/dashboard/'"

During handling of the above exception, another exception occurred:

Traceback (most recent call last):
  File "/home/mustafa/Desktop/Ironydjango/venv/lib/python3.12/site-packages/django/core/handlers/exception.py", line 55, in inner
    response = get_response(request)
               ^^^^^^^^^^^^^^^^^^^^^
  File "/home/mustafa/Desktop/Ironydjango/venv/lib/python3.12/site-packages/django/core/handlers/base.py", line 220, in _get_response
    response = response.render()
               ^^^^^^^^^^^^^^^^^
  File "/home/mustafa/Desktop/Ironydjango/venv/lib/python3.12/site-packages/django/template/response.py", line 114, in render
    self.content = self.rendered_content
                   ^^^^^^^^^^^^^^^^^^^^^
  File "/home/mustafa/Desktop/Ironydjango/venv/lib/python3.12/site-packages/django/template/response.py", line 92, in rendered_content
    return template.render(context, self._request)
           ^^^^^^^^^^^^^^^^^^^^^^^^^^^^^^^^^^^^^^^
  File "/home/mustafa/Desktop/Ironydjango/venv/lib/python3.12/site-packages/django/template/backends/django.py", line 107, in render
    return self.template.render(context)
           ^^^^^^^^^^^^^^^^^^^^^^^^^^^^^
  File "/home/mustafa/Desktop/Ironydjango/venv/lib/python3.12/site-packages/django/template/base.py", line 171, in render
    return self._render(context)
           ^^^^^^^^^^^^^^^^^^^^^
  File "/home/mustafa/Desktop/Ironydjango/venv/lib/python3.12/site-packages/django/test/utils.py", line 114, in instrumented_test_render
    return self.nodelist.render(context)
           ^^^^^^^^^^^^^^^^^^^^^^^^^^^^^
  File "/home/mustafa/Desktop/Ironydjango/venv/lib/python3.12/site-packages/django/template/base.py", line 1016, in render
    return SafeString("".join([node.render_annotated(context) for node in self]))
                               ^^^^^^^^^^^^^^^^^^^^^^^^^^^^^^
  File "/home/mustafa/Desktop/Ironydjango/venv/lib/python3.12/site-packages/django/template/base.py", line 977, in render_annotated
    return self.render(context)
           ^^^^^^^^^^^^^^^^^^^^
  File "/home/mustafa/Desktop/Ironydjango/venv/lib/python3.12/site-packages/django/template/loader_tags.py", line 134, in render
    compiled_parent = self.get_parent(context)
                      ^^^^^^^^^^^^^^^^^^^^^^^^
  File "/home/mustafa/Desktop/Ironydjango/venv/lib/python3.12/site-packages/django/template/loader_tags.py", line 131, in get_parent
    return self.find_template(parent, context)
           ^^^^^^^^^^^^^^^^^^^^^^^^^^^^^^^^^^^
  File "/home/mustafa/Desktop/Ironydjango/venv/lib/python3.12/site-packages/django/template/loader_tags.py", line 109, in find_template
    template, origin = context.template.engine.find_template(
                       ^^^^^^^^^^^^^^^^^^^^^^^^^^^^^^^^^^^^^^
  File "/home/mustafa/Desktop/Ironydjango/venv/lib/python3.12/site-packages/django/template/engine.py", line 159, in find_template
    template = loader.get_template(name, skip=skip)
               ^^^^^^^^^^^^^^^^^^^^^^^^^^^^^^^^^^^^
  File "/home/mustafa/Desktop/Ironydjango/venv/lib/python3.12/site-packages/django/template/loaders/cached.py", line 57, in get_template
    template = super().get_template(template_name, skip)
               ^^^^^^^^^^^^^^^^^^^^^^^^^^^^^^^^^^^^^^^^^
  File "/home/mustafa/Desktop/Ironydjango/venv/lib/python3.12/site-packages/django/template/loaders/base.py", line 28, in get_template
    return Template(
           ^^^^^^^^^
  File "/home/mustafa/Desktop/Ironydjango/venv/lib/python3.12/site-packages/django/template/base.py", line 154, in __init__
    self.nodelist = self.compile_nodelist()
                    ^^^^^^^^^^^^^^^^^^^^^^^
  File "/home/mustafa/Desktop/Ironydjango/venv/lib/python3.12/site-packages/django/template/base.py", line 196, in compile_nodelist
    nodelist = parser.parse()
               ^^^^^^^^^^^^^^
  File "/home/mustafa/Desktop/Ironydjango/venv/lib/python3.12/site-packages/django/template/base.py", line 518, in parse
    raise self.error(token, e)
  File "/home/mustafa/Desktop/Ironydjango/venv/lib/python3.12/site-packages/django/template/base.py", line 516, in parse
    compiled_result = compile_func(self, token)
                      ^^^^^^^^^^^^^^^^^^^^^^^^^
  File "/home/mustafa/Desktop/Ironydjango/venv/lib/python3.12/site-packages/django/template/defaulttags.py", line 961, in do_if
    condition = TemplateIfParser(parser, bits).parse()
                ^^^^^^^^^^^^^^^^^^^^^^^^^^^^^^
  File "/home/mustafa/Desktop/Ironydjango/venv/lib/python3.12/site-packages/django/template/defaulttags.py", line 894, in __init__
    super().__init__(*args, **kwargs)
  File "/home/mustafa/Desktop/Ironydjango/venv/lib/python3.12/site-packages/django/template/smartif.py", line 171, in __init__
    mapped_tokens.append(self.translate_token(token))
                         ^^^^^^^^^^^^^^^^^^^^^^^^^^^
  File "/home/mustafa/Desktop/Ironydjango/venv/lib/python3.12/site-packages/django/template/smartif.py", line 182, in translate_token
    return self.create_var(token)
           ^^^^^^^^^^^^^^^^^^^^^^
  File "/home/mustafa/Desktop/Ironydjango/venv/lib/python3.12/site-packages/django/template/defaulttags.py", line 897, in create_var
    return TemplateLiteral(self.template_parser.compile_filter(value), value)
                           ^^^^^^^^^^^^^^^^^^^^^^^^^^^^^^^^^^^^^^^^^^
  File "/home/mustafa/Desktop/Ironydjango/venv/lib/python3.12/site-packages/django/template/base.py", line 609, in compile_filter
    return FilterExpression(token, self)
           ^^^^^^^^^^^^^^^^^^^^^^^^^^^^^
  File "/home/mustafa/Desktop/Ironydjango/venv/lib/python3.12/site-packages/django/template/base.py", line 705, in __init__
    filter_func = parser.find_filter(filter_name)
                  ^^^^^^^^^^^^^^^^^^^^^^^^^^^^^^^
  File "/home/mustafa/Desktop/Ironydjango/venv/lib/python3.12/site-packages/django/template/base.py", line 615, in find_filter
    raise TemplateSyntaxError("Invalid filter: '%s'" % filter_name)
django.template.exceptions.TemplateSyntaxError: Invalid filter: 'startswith'
ERROR 2025-12-02 15:13:43,373 basehttp "GET / HTTP/1.1" 500 263137
INFO 2025-12-02 15:13:43,386 basehttp "GET /static/debug_toolbar/css/toolbar.css HTTP/1.1" 200 30101
INFO 2025-12-02 15:13:43,386 basehttp "GET /static/debug_toolbar/js/toolbar.js HTTP/1.1" 200 14879
INFO 2025-12-02 15:13:43,416 basehttp "GET /static/debug_toolbar/css/print.css HTTP/1.1" 200 43
INFO 2025-12-02 15:13:43,462 basehttp "GET /static/debug_toolbar/js/utils.js HTTP/1.1" 200 4700
WARNING 2025-12-02 15:13:43,562 log Not Found: /favicon.ico
WARNING 2025-12-02 15:13:43,562 basehttp "GET /favicon.ico HTTP/1.1" 404 17750
INFO 2025-12-02 15:14:00,245 autoreload Watching for file changes with StatReloader
ERROR 2025-12-02 15:14:15,066 log Internal Server Error: /
Traceback (most recent call last):
  File "/home/mustafa/Desktop/Ironydjango/venv/lib/python3.12/site-packages/django/template/base.py", line 510, in parse
    compile_func = self.tags[command]
                   ~~~~~~~~~^^^^^^^^^
KeyError: 'endif'

During handling of the above exception, another exception occurred:

Traceback (most recent call last):
  File "/home/mustafa/Desktop/Ironydjango/venv/lib/python3.12/site-packages/django/core/handlers/exception.py", line 55, in inner
    response = get_response(request)
               ^^^^^^^^^^^^^^^^^^^^^
  File "/home/mustafa/Desktop/Ironydjango/venv/lib/python3.12/site-packages/django/core/handlers/base.py", line 220, in _get_response
    response = response.render()
               ^^^^^^^^^^^^^^^^^
  File "/home/mustafa/Desktop/Ironydjango/venv/lib/python3.12/site-packages/django/template/response.py", line 114, in render
    self.content = self.rendered_content
                   ^^^^^^^^^^^^^^^^^^^^^
  File "/home/mustafa/Desktop/Ironydjango/venv/lib/python3.12/site-packages/django/template/response.py", line 92, in rendered_content
    return template.render(context, self._request)
           ^^^^^^^^^^^^^^^^^^^^^^^^^^^^^^^^^^^^^^^
  File "/home/mustafa/Desktop/Ironydjango/venv/lib/python3.12/site-packages/django/template/backends/django.py", line 107, in render
    return self.template.render(context)
           ^^^^^^^^^^^^^^^^^^^^^^^^^^^^^
  File "/home/mustafa/Desktop/Ironydjango/venv/lib/python3.12/site-packages/django/template/base.py", line 171, in render
    return self._render(context)
           ^^^^^^^^^^^^^^^^^^^^^
  File "/home/mustafa/Desktop/Ironydjango/venv/lib/python3.12/site-packages/django/test/utils.py", line 114, in instrumented_test_render
    return self.nodelist.render(context)
           ^^^^^^^^^^^^^^^^^^^^^^^^^^^^^
  File "/home/mustafa/Desktop/Ironydjango/venv/lib/python3.12/site-packages/django/template/base.py", line 1016, in render
    return SafeString("".join([node.render_annotated(context) for node in self]))
                               ^^^^^^^^^^^^^^^^^^^^^^^^^^^^^^
  File "/home/mustafa/Desktop/Ironydjango/venv/lib/python3.12/site-packages/django/template/base.py", line 977, in render_annotated
    return self.render(context)
           ^^^^^^^^^^^^^^^^^^^^
  File "/home/mustafa/Desktop/Ironydjango/venv/lib/python3.12/site-packages/django/template/loader_tags.py", line 134, in render
    compiled_parent = self.get_parent(context)
                      ^^^^^^^^^^^^^^^^^^^^^^^^
  File "/home/mustafa/Desktop/Ironydjango/venv/lib/python3.12/site-packages/django/template/loader_tags.py", line 131, in get_parent
    return self.find_template(parent, context)
           ^^^^^^^^^^^^^^^^^^^^^^^^^^^^^^^^^^^
  File "/home/mustafa/Desktop/Ironydjango/venv/lib/python3.12/site-packages/django/template/loader_tags.py", line 109, in find_template
    template, origin = context.template.engine.find_template(
                       ^^^^^^^^^^^^^^^^^^^^^^^^^^^^^^^^^^^^^^
  File "/home/mustafa/Desktop/Ironydjango/venv/lib/python3.12/site-packages/django/template/engine.py", line 159, in find_template
    template = loader.get_template(name, skip=skip)
               ^^^^^^^^^^^^^^^^^^^^^^^^^^^^^^^^^^^^
  File "/home/mustafa/Desktop/Ironydjango/venv/lib/python3.12/site-packages/django/template/loaders/cached.py", line 57, in get_template
    template = super().get_template(template_name, skip)
               ^^^^^^^^^^^^^^^^^^^^^^^^^^^^^^^^^^^^^^^^^
  File "/home/mustafa/Desktop/Ironydjango/venv/lib/python3.12/site-packages/django/template/loaders/base.py", line 28, in get_template
    return Template(
           ^^^^^^^^^
  File "/home/mustafa/Desktop/Ironydjango/venv/lib/python3.12/site-packages/django/template/base.py", line 154, in __init__
    self.nodelist = self.compile_nodelist()
                    ^^^^^^^^^^^^^^^^^^^^^^^
  File "/home/mustafa/Desktop/Ironydjango/venv/lib/python3.12/site-packages/django/template/base.py", line 196, in compile_nodelist
    nodelist = parser.parse()
               ^^^^^^^^^^^^^^
  File "/home/mustafa/Desktop/Ironydjango/venv/lib/python3.12/site-packages/django/template/base.py", line 512, in parse
    self.invalid_block_tag(token, command, parse_until)
  File "/home/mustafa/Desktop/Ironydjango/venv/lib/python3.12/site-packages/django/template/base.py", line 577, in invalid_block_tag
    raise self.error(
django.template.exceptions.TemplateSyntaxError: Invalid block tag on line 174: 'endif'. Did you forget to register or load this tag?
ERROR 2025-12-02 15:14:15,108 basehttp "GET / HTTP/1.1" 500 208854
INFO 2025-12-02 15:14:58,294 basehttp "GET / HTTP/1.1" 200 81131
INFO 2025-12-02 15:14:58,338 basehttp "GET /static/css/style.css HTTP/1.1" 200 76392
INFO 2025-12-02 15:14:58,338 basehttp "GET /static/debug_toolbar/js/toolbar.js HTTP/1.1" 200 14879
INFO 2025-12-02 15:14:58,342 basehttp "GET /static/images/iron.png HTTP/1.1" 200 1214412
INFO 2025-12-02 15:14:58,347 basehttp "GET /static/js/script.js HTTP/1.1" 200 1397
INFO 2025-12-02 15:14:58,347 basehttp "GET /static/debug_toolbar/css/toolbar.css HTTP/1.1" 200 30101
INFO 2025-12-02 15:14:59,218 basehttp "GET /static/debug_toolbar/css/print.css HTTP/1.1" 200 43
INFO 2025-12-02 15:14:59,356 basehttp "GET /static/debug_toolbar/js/utils.js HTTP/1.1" 200 4700
WARNING 2025-12-02 15:15:00,434 log Not Found: /favicon.ico
WARNING 2025-12-02 15:15:00,434 basehttp "GET /favicon.ico HTTP/1.1" 404 17750
INFO 2025-12-02 15:15:55,250 basehttp "GET /accounts/login/ HTTP/1.1" 302 0
INFO 2025-12-02 15:15:55,271 basehttp "GET /dashboard/ HTTP/1.1" 302 0
INFO 2025-12-02 15:15:55,347 basehttp "GET /dashboard/press/ HTTP/1.1" 200 44765
INFO 2025-12-02 15:16:17,944 basehttp "GET /accounts/logout/ HTTP/1.1" 200 21799
INFO 2025-12-02 15:18:17,195 basehttp "POST /accounts/logout/ HTTP/1.1" 302 0
INFO 2025-12-02 15:18:17,221 basehttp "GET /accounts/login/ HTTP/1.1" 200 26958
INFO 2025-12-02 15:18:27,202 basehttp "POST /accounts/login/ HTTP/1.1" 302 0
INFO 2025-12-02 15:18:27,216 basehttp "GET /dashboard/ HTTP/1.1" 302 0
INFO 2025-12-02 15:18:27,294 basehttp "GET /dashboard/customer/ HTTP/1.1" 200 44919
INFO 2025-12-02 15:18:38,464 basehttp "GET /accounts/logout/ HTTP/1.1" 200 22074
INFO 2025-12-02 15:18:39,785 basehttp "POST /accounts/logout/ HTTP/1.1" 302 0
INFO 2025-12-02 15:18:39,801 basehttp "GET /accounts/login/ HTTP/1.1" 200 26954
INFO 2025-12-02 15:18:48,612 basehttp "POST /accounts/login/ HTTP/1.1" 302 0
INFO 2025-12-02 15:18:48,628 basehttp "GET /dashboard/ HTTP/1.1" 302 0
INFO 2025-12-02 15:18:48,696 basehttp "GET /dashboard/delivery/ HTTP/1.1" 200 37039
INFO 2025-12-02 15:19:07,076 basehttp "GET /profile/profile/ HTTP/1.1" 200 37129
INFO 2025-12-02 15:19:10,847 basehttp "GET /accounts/password/change/ HTTP/1.1" 200 17204
INFO 2025-12-02 15:19:24,248 basehttp "GET /accounts/logout/ HTTP/1.1" 200 21798
INFO 2025-12-02 15:19:25,717 basehttp "POST /accounts/logout/ HTTP/1.1" 302 0
INFO 2025-12-02 15:19:25,732 basehttp "GET /accounts/login/ HTTP/1.1" 200 26954
INFO 2025-12-02 16:12:58,011 autoreload Watching for file changes with StatReloader
INFO 2025-12-02 16:13:00,982 basehttp "GET / HTTP/1.1" 200 79565
WARNING 2025-12-02 16:13:01,561 log Not Found: /favicon.ico
WARNING 2025-12-02 16:13:01,562 basehttp "GET /favicon.ico HTTP/1.1" 404 17752
INFO 2025-12-02 16:13:56,173 basehttp "GET /accounts/login/ HTTP/1.1" 200 26312
INFO 2025-12-02 16:14:04,053 basehttp "POST /accounts/login/ HTTP/1.1" 302 0
INFO 2025-12-02 16:14:04,067 basehttp "GET /dashboard/ HTTP/1.1" 302 0
INFO 2025-12-02 16:14:04,146 basehttp "GET /dashboard/customer/ HTTP/1.1" 200 44919
INFO 2025-12-02 16:14:16,162 basehttp "GET /orders/create/ HTTP/1.1" 200 56881
INFO 2025-12-02 16:14:58,031 basehttp "POST /orders/create/ HTTP/1.1" 302 0
INFO 2025-12-02 16:14:58,071 basehttp "GET /orders/12/ HTTP/1.1" 200 36070
INFO 2025-12-02 16:15:10,515 basehttp "GET /accounts/logout/ HTTP/1.1" 200 22074
INFO 2025-12-02 16:15:12,128 basehttp "POST /accounts/logout/ HTTP/1.1" 302 0
INFO 2025-12-02 16:15:12,143 basehttp "GET /accounts/login/ HTTP/1.1" 200 26954
INFO 2025-12-02 16:15:19,882 basehttp "POST /accounts/login/ HTTP/1.1" 302 0
INFO 2025-12-02 16:15:19,897 basehttp "GET /dashboard/ HTTP/1.1" 302 0
INFO 2025-12-02 16:15:19,972 basehttp "GET /dashboard/press/ HTTP/1.1" 200 47426
INFO 2025-12-02 16:15:31,853 basehttp "POST /dashboard/order/12/update-status/ HTTP/1.1" 302 0
INFO 2025-12-02 16:15:31,882 basehttp "GET /dashboard/order/12/ HTTP/1.1" 200 39504
